[    3732ms] [WARNING] No processSignal function found. Have you written a processSignal function on app.segment.com? @ https://console.twilio.com/46467.15018b3d3568a6e2.js:33
[    5715ms] [LOG] Successfully initialized Amplitude Session Replay @ https://console.twilio.com/46467.15018b3d3568a6e2.js:676
[    5749ms] [LOG] Amplitude Experiment SDK initialized successfully. @ https://console.twilio.com/46467.15018b3d3568a6e2.js:676
[    9197ms] [WARNING] WS Not Connected @ https://console.twilio.com/46467.15018b3d3568a6e2.js:33
[    9758ms] [WARNING] WebSocket connection to 'wss://tsock.twilio.com/v3/wsconnect' failed: WebSocket is closed before the connection is established. @ https://console.twilio.com/88766.c1ea06bb4b3587f4.js:2
[    9760ms] [WARNING] WS Not Connected @ https://console.twilio.com/46467.15018b3d3568a6e2.js:33
[    9790ms] [LOG] Successfully initialized Amplitude Guides and Surveys @ https://console.twilio.com/46467.15018b3d3568a6e2.js:676
[    9963ms] [LOG] Successfully initialized Amplitude Session Replay @ https://console.twilio.com/46467.15018b3d3568a6e2.js:676
[    9970ms] [LOG] Successfully booted Amplitude Guides and Surveys @ https://console.twilio.com/46467.15018b3d3568a6e2.js:676
[   10277ms] [LOG] Successfully booted Amplitude Guides and Surveys @ https://console.twilio.com/46467.15018b3d3568a6e2.js:676
[   11407ms] [LOG] Successfully booted Amplitude Guides and Surveys @ https://console.twilio.com/46467.15018b3d3568a6e2.js:676
[   12396ms] [LOG] Successfully booted Amplitude Guides and Surveys @ https://console.twilio.com/46467.15018b3d3568a6e2.js:676
[   12399ms] [WARNING] WebSocket connection to 'wss://realtime.courier.com/?clientKey=OGUxNjlmZTMtY2E1ZS00M2I3LThkZjAtYjBlNWIxNmM2N2Jl' failed: WebSocket is closed before the connection is established. @ https://console.twilio.com/46467.15018b3d3568a6e2.js:651
[   12405ms] [ERROR] Error Connecting to Courier Push @ https://console.twilio.com/46467.15018b3d3568a6e2.js:0
[   13410ms] [LOG] Successfully booted Amplitude Guides and Surveys @ https://console.twilio.com/46467.15018b3d3568a6e2.js:676
[   14353ms] [WARNING] Error converting to text AbortError: The user aborted a request. Response @ https://console.twilio.com/46467.15018b3d3568a6e2.js:18
[   14869ms] [WARNING] Amplitude Engagement Logger [Warn]: User already booted, ignoring additional boot call. Call shutdown first if you want to boot a different user. @ https://d17rzb4tinrpmf.cloudfront.net/engagement-browser/prod/split/2d478da3f712989100ed9c93f917366917176f65-chunk-QDOMPRCS.js:12
[   14870ms] [WARNING] Amplitude Engagement Logger [Warn]: User already booted, ignoring additional boot call. Call shutdown first if you want to boot a different user. @ https://d17rzb4tinrpmf.cloudfront.net/engagement-browser/prod/split/2d478da3f712989100ed9c93f917366917176f65-chunk-QDOMPRCS.js:12
[   14870ms] [WARNING] Amplitude Engagement Logger [Warn]: User already booted, ignoring additional boot call. Call shutdown first if you want to boot a different user. @ https://d17rzb4tinrpmf.cloudfront.net/engagement-browser/prod/split/2d478da3f712989100ed9c93f917366917176f65-chunk-QDOMPRCS.js:12
[   14870ms] [WARNING] Amplitude Engagement Logger [Warn]: User already booted, ignoring additional boot call. Call shutdown first if you want to boot a different user. @ https://d17rzb4tinrpmf.cloudfront.net/engagement-browser/prod/split/2d478da3f712989100ed9c93f917366917176f65-chunk-QDOMPRCS.js:12
[   15102ms] [WARNING] Error converting to text AbortError: The user aborted a request. Response @ https://console.twilio.com/46467.15018b3d3568a6e2.js:18
[   15171ms] [WARNING] Error converting to text AbortError: The user aborted a request. Response @ https://console.twilio.com/46467.15018b3d3568a6e2.js:18
[   17628ms] [WARNING] Error converting to text AbortError: The user aborted a request. Response @ https://console.twilio.com/46467.15018b3d3568a6e2.js:18
