[    4196ms] [WARNING] No processSignal function found. Have you written a processSignal function on app.segment.com? @ https://console.twilio.com/46467.15018b3d3568a6e2.js:33
[    4334ms] [LOG] Successfully initialized Amplitude Session Replay @ https://console.twilio.com/46467.15018b3d3568a6e2.js:676
[    4355ms] [LOG] Amplitude Experiment SDK initialized successfully. @ https://console.twilio.com/46467.15018b3d3568a6e2.js:676
[   10767ms] [WARNING] WebSocket connection to 'wss://tsock.twilio.com/v3/wsconnect' failed: WebSocket is closed before the connection is established. @ https://console.twilio.com/88766.c1ea06bb4b3587f4.js:2
[   10777ms] [WARNING] WS Not Connected @ https://console.twilio.com/46467.15018b3d3568a6e2.js:33
[   10814ms] [LOG] Successfully initialized Amplitude Guides and Surveys @ https://console.twilio.com/46467.15018b3d3568a6e2.js:676
[   11069ms] [LOG] Successfully initialized Amplitude Session Replay @ https://console.twilio.com/46467.15018b3d3568a6e2.js:676
[   11070ms] [LOG] Successfully booted Amplitude Guides and Surveys @ https://console.twilio.com/46467.15018b3d3568a6e2.js:676
[   11674ms] [WARNING] Error converting to text AbortError: The user aborted a request. Response @ https://console.twilio.com/46467.15018b3d3568a6e2.js:18
[   11868ms] [WARNING] Error converting to text AbortError: The user aborted a request. Response @ https://console.twilio.com/46467.15018b3d3568a6e2.js:18
[   13063ms] [LOG] Successfully booted Amplitude Guides and Surveys @ https://console.twilio.com/46467.15018b3d3568a6e2.js:676
[   13094ms] [LOG] Successfully booted Amplitude Guides and Surveys @ https://console.twilio.com/46467.15018b3d3568a6e2.js:676
[   14483ms] [WARNING] Error converting to text AbortError: The user aborted a request. Response @ https://console.twilio.com/46467.15018b3d3568a6e2.js:18
[   14506ms] [WARNING] Error converting to text AbortError: The user aborted a request. Response @ https://console.twilio.com/46467.15018b3d3568a6e2.js:18
[   15363ms] [WARNING] WebSocket connection to 'wss://realtime.courier.com/?clientKey=OGUxNjlmZTMtY2E1ZS00M2I3LThkZjAtYjBlNWIxNmM2N2Jl' failed: WebSocket is closed before the connection is established. @ https://console.twilio.com/46467.15018b3d3568a6e2.js:651
[   15363ms] [ERROR] Error Connecting to Courier Push @ https://console.twilio.com/46467.15018b3d3568a6e2.js:0
[   15404ms] [LOG] Successfully booted Amplitude Guides and Surveys @ https://console.twilio.com/46467.15018b3d3568a6e2.js:676
[   15433ms] [LOG] Successfully booted Amplitude Guides and Surveys @ https://console.twilio.com/46467.15018b3d3568a6e2.js:676
[   18687ms] [WARNING] Amplitude Engagement Logger [Warn]: User already booted, ignoring additional boot call. Call shutdown first if you want to boot a different user. @ https://d17rzb4tinrpmf.cloudfront.net/engagement-browser/prod/split/2d478da3f712989100ed9c93f917366917176f65-chunk-QDOMPRCS.js:12
[   18688ms] [WARNING] Amplitude Engagement Logger [Warn]: User already booted, ignoring additional boot call. Call shutdown first if you want to boot a different user. @ https://d17rzb4tinrpmf.cloudfront.net/engagement-browser/prod/split/2d478da3f712989100ed9c93f917366917176f65-chunk-QDOMPRCS.js:12
[   18689ms] [WARNING] Amplitude Engagement Logger [Warn]: User already booted, ignoring additional boot call. Call shutdown first if you want to boot a different user. @ https://d17rzb4tinrpmf.cloudfront.net/engagement-browser/prod/split/2d478da3f712989100ed9c93f917366917176f65-chunk-QDOMPRCS.js:12
[   18689ms] [WARNING] Amplitude Engagement Logger [Warn]: User already booted, ignoring additional boot call. Call shutdown first if you want to boot a different user. @ https://d17rzb4tinrpmf.cloudfront.net/engagement-browser/prod/split/2d478da3f712989100ed9c93f917366917176f65-chunk-QDOMPRCS.js:12
[   19012ms] [WARNING] Error converting to text AbortError: The user aborted a request. Response @ https://console.twilio.com/46467.15018b3d3568a6e2.js:18
[   26012ms] [ERROR] Failed to load resource: the server responded with a status of 404 () @ https://www.twilio.com/nova/api/v2/verified-caller-id?:0
[   26015ms] [ERROR] Failed to load resource: the server responded with a status of 404 () @ https://www.twilio.com/console/sms/channels/api/XB1615630c01936f58e62bc380b0973b09/installation?:0
[   26610ms] [VERBOSE] [DOM] Password field is not contained in a form: (More info: https://goo.gl/9p2vKq) @ https://console.twilio.com/:0
[   27279ms] [ERROR] Failed to load resource: the server responded with a status of 404 () @ https://www.twilio.com/console/funnel/api/ahoy/answers:0
[   27563ms] [ERROR] Failed to load resource: the server responded with a status of 403 () @ https://www.twilio.com/console/studio/api/flows?PageSize=100:0
[   27586ms] [ERROR] Error fetching studio flows SyntaxError: Unexpected token 'T', "Trial acco"... is not valid JSON @ https://console.twilio.com/46467.15018b3d3568a6e2.js:0
[  150279ms] TypeError: Cannot read properties of undefined (reading 'value')
    at onChange (https://console.twilio.com/26771.d429fecf36e2f46f.js:1:756689)
    at onChange (https://console.twilio.com/26771.d429fecf36e2f46f.js:1:745701)
    at Object.onChange (https://console.twilio.com/54816.0093a91212c5aa6f.js:1:10602)
    at https://console.twilio.com/54816.0093a91212c5aa6f.js:1:11349
    at onChange (https://console.twilio.com/54816.0093a91212c5aa6f.js:1:12415)
    at Object.e1 (https://console.twilio.com/46467.15018b3d3568a6e2.js:585:16257)
    at e7 (https://console.twilio.com/46467.15018b3d3568a6e2.js:585:16411)
    at e8 (https://console.twilio.com/46467.15018b3d3568a6e2.js:585:16468)
    at nh (https://console.twilio.com/46467.15018b3d3568a6e2.js:585:35581)
    at nm (https://console.twilio.com/46467.15018b3d3568a6e2.js:585:35997)
[  166580ms] [WARNING] No processSignal function found. Have you written a processSignal function on app.segment.com? @ https://console.twilio.com/46467.15018b3d3568a6e2.js:33
[  166799ms] [LOG] Successfully initialized Amplitude Session Replay @ https://console.twilio.com/46467.15018b3d3568a6e2.js:676
[  166951ms] [LOG] Amplitude Experiment SDK initialized successfully. @ https://console.twilio.com/46467.15018b3d3568a6e2.js:676
[  172308ms] [WARNING] WS Not Connected @ https://console.twilio.com/46467.15018b3d3568a6e2.js:33
[  174697ms] [WARNING] WebSocket connection to 'wss://tsock.twilio.com/v3/wsconnect' failed: WebSocket is closed before the connection is established. @ https://console.twilio.com/88766.c1ea06bb4b3587f4.js:2
[  174772ms] [LOG] Successfully initialized Amplitude Guides and Surveys @ https://console.twilio.com/46467.15018b3d3568a6e2.js:676
[  175106ms] [LOG] Successfully initialized Amplitude Session Replay @ https://console.twilio.com/46467.15018b3d3568a6e2.js:676
[  175107ms] [LOG] Successfully booted Amplitude Guides and Surveys @ https://console.twilio.com/46467.15018b3d3568a6e2.js:676
[  175943ms] [WARNING] Error converting to text AbortError: The user aborted a request. Response @ https://console.twilio.com/46467.15018b3d3568a6e2.js:18
[  176094ms] [LOG] Successfully booted Amplitude Guides and Surveys @ https://console.twilio.com/46467.15018b3d3568a6e2.js:676
[  176099ms] [WARNING] Error converting to text AbortError: The user aborted a request. Response @ https://console.twilio.com/46467.15018b3d3568a6e2.js:18
[  176959ms] [LOG] Successfully booted Amplitude Guides and Surveys @ https://console.twilio.com/46467.15018b3d3568a6e2.js:676
[  177990ms] [LOG] Successfully booted Amplitude Guides and Surveys @ https://console.twilio.com/46467.15018b3d3568a6e2.js:676
[  178751ms] [LOG] Successfully booted Amplitude Guides and Surveys @ https://console.twilio.com/46467.15018b3d3568a6e2.js:676
[  179533ms] [WARNING] Error converting to text AbortError: The user aborted a request. Response @ https://console.twilio.com/46467.15018b3d3568a6e2.js:18
[  180053ms] [WARNING] Amplitude Engagement Logger [Warn]: User already booted, ignoring additional boot call. Call shutdown first if you want to boot a different user. @ https://d17rzb4tinrpmf.cloudfront.net/engagement-browser/prod/split/2d478da3f712989100ed9c93f917366917176f65-chunk-QDOMPRCS.js:12
[  180054ms] [WARNING] Amplitude Engagement Logger [Warn]: User already booted, ignoring additional boot call. Call shutdown first if you want to boot a different user. @ https://d17rzb4tinrpmf.cloudfront.net/engagement-browser/prod/split/2d478da3f712989100ed9c93f917366917176f65-chunk-QDOMPRCS.js:12
[  180054ms] [WARNING] Amplitude Engagement Logger [Warn]: User already booted, ignoring additional boot call. Call shutdown first if you want to boot a different user. @ https://d17rzb4tinrpmf.cloudfront.net/engagement-browser/prod/split/2d478da3f712989100ed9c93f917366917176f65-chunk-QDOMPRCS.js:12
[  180055ms] [WARNING] Amplitude Engagement Logger [Warn]: User already booted, ignoring additional boot call. Call shutdown first if you want to boot a different user. @ https://d17rzb4tinrpmf.cloudfront.net/engagement-browser/prod/split/2d478da3f712989100ed9c93f917366917176f65-chunk-QDOMPRCS.js:12
[  180066ms] [ERROR] Failed to load resource: the server responded with a status of 404 () @ https://www.twilio.com/console/sms/channels/api/XB1615630c01936f58e62bc380b0973b09/installation:0
[  181897ms] [WARNING] Error converting to text AbortError: The user aborted a request. Response @ https://console.twilio.com/46467.15018b3d3568a6e2.js:18
[  197158ms] [WARNING] Error converting to text AbortError: The user aborted a request. Response @ https://console.twilio.com/46467.15018b3d3568a6e2.js:18
[  233965ms] [ERROR] Failed to load resource: the server responded with a status of 404 () @ https://www.twilio.com/console/sms/whatsapp/api/phrase/XE9c9fa5a46edf57ca341b149a69c634ff:0
[  234316ms] [ERROR] Failed to load resource: the server responded with a status of 404 () @ https://www.twilio.com/console/sms/whatsapp/api/phrase/XE9c9fa5a46edf57ca341b149a69c634ff:0
[  234617ms] [ERROR] Failed to load resource: the server responded with a status of 409 () @ https://www.twilio.com/console/sms/whatsapp/api/phrase/XE9c9fa5a46edf57ca341b149a69c634ff:0
[  234644ms] Error: Minified Redux error #7; visit https://redux.js.org/Errors?code=7 for the full message or use the non-minified dev environment for full errors. 
    at y (https://console.twilio.com/46467.15018b3d3568a6e2.js:652:21427)
    at https://console.twilio.com/50724.0d7caebcb4bc37f0.js:1:1596
    at https://console.twilio.com/46467.15018b3d3568a6e2.js:652:18369
    at https://console.twilio.com/61627.d295622f238cb70a.js:1:175768
    at https://console.twilio.com/61627.d295622f238cb70a.js:1:106635
    at https://console.twilio.com/61627.d295622f238cb70a.js:1:165216
    at https://console.twilio.com/61627.d295622f238cb70a.js:1:154483
    at https://console.twilio.com/61627.d295622f238cb70a.js:1:170435
    at https://console.twilio.com/61627.d295622f238cb70a.js:1:151178
    at https://console.twilio.com/61627.d295622f238cb70a.js:1:149694
[  248989ms] [WARNING] Error converting to text AbortError: The user aborted a request. Response @ https://console.twilio.com/46467.15018b3d3568a6e2.js:18
