[    1887ms] [WARNING] No processSignal function found. Have you written a processSignal function on app.segment.com? @ https://console.twilio.com/46467.15018b3d3568a6e2.js:33
[    2013ms] [LOG] Successfully initialized Amplitude Session Replay @ https://console.twilio.com/46467.15018b3d3568a6e2.js:676
[    2112ms] [LOG] Amplitude Experiment SDK initialized successfully. @ https://console.twilio.com/46467.15018b3d3568a6e2.js:676
[    8861ms] [WARNING] WebSocket connection to 'wss://tsock.twilio.com/v3/wsconnect' failed: WebSocket is closed before the connection is established. @ https://console.twilio.com/88766.c1ea06bb4b3587f4.js:2
[    8864ms] [WARNING] WS Not Connected @ https://console.twilio.com/46467.15018b3d3568a6e2.js:33
[    8893ms] [LOG] Successfully initialized Amplitude Guides and Surveys @ https://console.twilio.com/46467.15018b3d3568a6e2.js:676
[    9059ms] [LOG] Successfully initialized Amplitude Session Replay @ https://console.twilio.com/46467.15018b3d3568a6e2.js:676
[    9060ms] [LOG] Successfully booted Amplitude Guides and Surveys @ https://console.twilio.com/46467.15018b3d3568a6e2.js:676
[   10196ms] [WARNING] Amplitude Engagement Logger [Warn]: User already booted, ignoring additional boot call. Call shutdown first if you want to boot a different user. @ https://d17rzb4tinrpmf.cloudfront.net/engagement-browser/prod/split/2d478da3f712989100ed9c93f917366917176f65-chunk-QDOMPRCS.js:12
[   10197ms] [LOG] Successfully booted Amplitude Guides and Surveys @ https://console.twilio.com/46467.15018b3d3568a6e2.js:676
[   10222ms] [WARNING] Amplitude Engagement Logger [Warn]: User already booted, ignoring additional boot call. Call shutdown first if you want to boot a different user. @ https://d17rzb4tinrpmf.cloudfront.net/engagement-browser/prod/split/2d478da3f712989100ed9c93f917366917176f65-chunk-QDOMPRCS.js:12
[   10223ms] [LOG] Successfully booted Amplitude Guides and Surveys @ https://console.twilio.com/46467.15018b3d3568a6e2.js:676
[   10253ms] [WARNING] Error converting to text AbortError: The user aborted a request. Response @ https://console.twilio.com/46467.15018b3d3568a6e2.js:18
[   10857ms] [WARNING] Error converting to text AbortError: The user aborted a request. Response @ https://console.twilio.com/46467.15018b3d3568a6e2.js:18
[   12320ms] [WARNING] Amplitude Engagement Logger [Warn]: User already booted, ignoring additional boot call. Call shutdown first if you want to boot a different user. @ https://d17rzb4tinrpmf.cloudfront.net/engagement-browser/prod/split/2d478da3f712989100ed9c93f917366917176f65-chunk-QDOMPRCS.js:12
[   12320ms] [LOG] Successfully booted Amplitude Guides and Surveys @ https://console.twilio.com/46467.15018b3d3568a6e2.js:676
[   12562ms] [WARNING] Amplitude Engagement Logger [Warn]: User already booted, ignoring additional boot call. Call shutdown first if you want to boot a different user. @ https://d17rzb4tinrpmf.cloudfront.net/engagement-browser/prod/split/2d478da3f712989100ed9c93f917366917176f65-chunk-QDOMPRCS.js:12
[   12562ms] [LOG] Successfully booted Amplitude Guides and Surveys @ https://console.twilio.com/46467.15018b3d3568a6e2.js:676
[   14265ms] [WARNING] Error converting to text AbortError: The user aborted a request. Response @ https://console.twilio.com/46467.15018b3d3568a6e2.js:18
[   16643ms] [WARNING] Error converting to text AbortError: The user aborted a request. Response @ https://console.twilio.com/46467.15018b3d3568a6e2.js:18
[   17293ms] [ERROR] Failed to load resource: the server responded with a status of 404 () @ https://www.twilio.com/console/sms/whatsapp/api/phrase/XE9c9fa5a46edf57ca341b149a69c634ff:0
[   17745ms] [ERROR] Failed to load resource: the server responded with a status of 404 () @ https://www.twilio.com/console/sms/whatsapp/api/phrase/XE9c9fa5a46edf57ca341b149a69c634ff:0
