[    1554ms] [WARNING] No processSignal function found. Have you written a processSignal function on app.segment.com? @ https://console.twilio.com/46467.15018b3d3568a6e2.js:33
[    1754ms] [LOG] Successfully initialized Amplitude Session Replay @ https://console.twilio.com/46467.15018b3d3568a6e2.js:676
[    1793ms] [LOG] Amplitude Experiment SDK initialized successfully. @ https://console.twilio.com/46467.15018b3d3568a6e2.js:676
[    8321ms] [WARNING] WebSocket connection to 'wss://tsock.twilio.com/v3/wsconnect' failed: WebSocket is closed before the connection is established. @ https://console.twilio.com/88766.c1ea06bb4b3587f4.js:2
[    8325ms] [WARNING] WS Not Connected @ https://console.twilio.com/46467.15018b3d3568a6e2.js:33
[    8367ms] [LOG] Successfully initialized Amplitude Guides and Surveys @ https://console.twilio.com/46467.15018b3d3568a6e2.js:676
[    8532ms] [LOG] Successfully initialized Amplitude Session Replay @ https://console.twilio.com/46467.15018b3d3568a6e2.js:676
[    8533ms] [LOG] Successfully booted Amplitude Guides and Surveys @ https://console.twilio.com/46467.15018b3d3568a6e2.js:676
[    9194ms] [LOG] Successfully booted Amplitude Guides and Surveys @ https://console.twilio.com/46467.15018b3d3568a6e2.js:676
[    9396ms] [LOG] Successfully booted Amplitude Guides and Surveys @ https://console.twilio.com/46467.15018b3d3568a6e2.js:676
[   10061ms] [WARNING] Amplitude Engagement Logger [Warn]: User already booted, ignoring additional boot call. Call shutdown first if you want to boot a different user. @ https://d17rzb4tinrpmf.cloudfront.net/engagement-browser/prod/split/2d478da3f712989100ed9c93f917366917176f65-chunk-QDOMPRCS.js:12
[   10062ms] [LOG] Successfully booted Amplitude Guides and Surveys @ https://console.twilio.com/46467.15018b3d3568a6e2.js:676
[   10138ms] [WARNING] Amplitude Engagement Logger [Warn]: User already booted, ignoring additional boot call. Call shutdown first if you want to boot a different user. @ https://d17rzb4tinrpmf.cloudfront.net/engagement-browser/prod/split/2d478da3f712989100ed9c93f917366917176f65-chunk-QDOMPRCS.js:12
[   10140ms] [WARNING] Amplitude Engagement Logger [Warn]: User already booted, ignoring additional boot call. Call shutdown first if you want to boot a different user. @ https://d17rzb4tinrpmf.cloudfront.net/engagement-browser/prod/split/2d478da3f712989100ed9c93f917366917176f65-chunk-QDOMPRCS.js:12
[   10683ms] [WARNING] Amplitude Engagement Logger [Warn]: User already booted, ignoring additional boot call. Call shutdown first if you want to boot a different user. @ https://d17rzb4tinrpmf.cloudfront.net/engagement-browser/prod/split/2d478da3f712989100ed9c93f917366917176f65-chunk-QDOMPRCS.js:12
[   10683ms] [LOG] Successfully booted Amplitude Guides and Surveys @ https://console.twilio.com/46467.15018b3d3568a6e2.js:676
[   20494ms] [WARNING] Error converting to text AbortError: The user aborted a request. Response @ https://console.twilio.com/46467.15018b3d3568a6e2.js:18
[   20634ms] [WARNING] Error converting to text AbortError: The user aborted a request. Response @ https://console.twilio.com/46467.15018b3d3568a6e2.js:18
[   20681ms] [WARNING] Error converting to text AbortError: The user aborted a request. Response @ https://console.twilio.com/46467.15018b3d3568a6e2.js:18
[   27199ms] [WARNING] Error converting to text AbortError: The user aborted a request. Response @ https://console.twilio.com/46467.15018b3d3568a6e2.js:18
[  213642ms] [WARNING] No processSignal function found. Have you written a processSignal function on app.segment.com? @ https://console.twilio.com/46467.15018b3d3568a6e2.js:33
[  213843ms] [LOG] Successfully initialized Amplitude Session Replay @ https://console.twilio.com/46467.15018b3d3568a6e2.js:676
[  213970ms] [LOG] Amplitude Experiment SDK initialized successfully. @ https://console.twilio.com/46467.15018b3d3568a6e2.js:676
[  222564ms] [WARNING] WebSocket connection to 'wss://tsock.twilio.com/v3/wsconnect' failed: WebSocket is closed before the connection is established. @ https://console.twilio.com/88766.c1ea06bb4b3587f4.js:2
[  222666ms] [LOG] Successfully initialized Amplitude Guides and Surveys @ https://console.twilio.com/46467.15018b3d3568a6e2.js:676
[  222999ms] [LOG] Successfully initialized Amplitude Session Replay @ https://console.twilio.com/46467.15018b3d3568a6e2.js:676
[  223000ms] [LOG] Successfully booted Amplitude Guides and Surveys @ https://console.twilio.com/46467.15018b3d3568a6e2.js:676
[  223985ms] [WARNING] Error converting to text AbortError: The user aborted a request. Response @ https://console.twilio.com/46467.15018b3d3568a6e2.js:18
[  224031ms] [LOG] Successfully booted Amplitude Guides and Surveys @ https://console.twilio.com/46467.15018b3d3568a6e2.js:676
[  226408ms] [LOG] Successfully booted Amplitude Guides and Surveys @ https://console.twilio.com/46467.15018b3d3568a6e2.js:676
[  226781ms] [WARNING] Error converting to text AbortError: The user aborted a request. Response @ https://console.twilio.com/46467.15018b3d3568a6e2.js:18
[  228323ms] [LOG] Successfully booted Amplitude Guides and Surveys @ https://console.twilio.com/46467.15018b3d3568a6e2.js:676
[  228545ms] [LOG] Successfully booted Amplitude Guides and Surveys @ https://console.twilio.com/46467.15018b3d3568a6e2.js:676
[  228704ms] [WARNING] Error converting to text AbortError: The user aborted a request. Response @ https://console.twilio.com/46467.15018b3d3568a6e2.js:18
[  230879ms] [WARNING] Amplitude Engagement Logger [Warn]: User already booted, ignoring additional boot call. Call shutdown first if you want to boot a different user. @ https://d17rzb4tinrpmf.cloudfront.net/engagement-browser/prod/split/2d478da3f712989100ed9c93f917366917176f65-chunk-QDOMPRCS.js:12
[  230879ms] [WARNING] Amplitude Engagement Logger [Warn]: User already booted, ignoring additional boot call. Call shutdown first if you want to boot a different user. @ https://d17rzb4tinrpmf.cloudfront.net/engagement-browser/prod/split/2d478da3f712989100ed9c93f917366917176f65-chunk-QDOMPRCS.js:12
[  230880ms] [WARNING] Amplitude Engagement Logger [Warn]: User already booted, ignoring additional boot call. Call shutdown first if you want to boot a different user. @ https://d17rzb4tinrpmf.cloudfront.net/engagement-browser/prod/split/2d478da3f712989100ed9c93f917366917176f65-chunk-QDOMPRCS.js:12
[  230880ms] [WARNING] Amplitude Engagement Logger [Warn]: User already booted, ignoring additional boot call. Call shutdown first if you want to boot a different user. @ https://d17rzb4tinrpmf.cloudfront.net/engagement-browser/prod/split/2d478da3f712989100ed9c93f917366917176f65-chunk-QDOMPRCS.js:12
[  231060ms] [WARNING] react-i18next:: Trans: the passed in value is invalid - seems you passed in a variable like {number} - please pass in variables for interpolation as full objects like {{number}}. 0 @ https://console.twilio.com/46467.15018b3d3568a6e2.js:584
[  231076ms] [WARNING] react-i18next:: Trans: the passed in value is invalid - seems you passed in a variable like {number} - please pass in variables for interpolation as full objects like {{number}}. 0 @ https://console.twilio.com/46467.15018b3d3568a6e2.js:584
[  231083ms] [WARNING] react-i18next:: Trans: the passed in value is invalid - seems you passed in a variable like {number} - please pass in variables for interpolation as full objects like {{number}}. 0 @ https://console.twilio.com/46467.15018b3d3568a6e2.js:584
[  231096ms] [WARNING] react-i18next:: Trans: the passed in value is invalid - seems you passed in a variable like {number} - please pass in variables for interpolation as full objects like {{number}}. 0 @ https://console.twilio.com/46467.15018b3d3568a6e2.js:584
[  231110ms] [WARNING] react-i18next:: Trans: the passed in value is invalid - seems you passed in a variable like {number} - please pass in variables for interpolation as full objects like {{number}}. 0 @ https://console.twilio.com/46467.15018b3d3568a6e2.js:584
[  231115ms] [WARNING] react-i18next:: Trans: the passed in value is invalid - seems you passed in a variable like {number} - please pass in variables for interpolation as full objects like {{number}}. 0 @ https://console.twilio.com/46467.15018b3d3568a6e2.js:584
[  231119ms] [WARNING] react-i18next:: Trans: the passed in value is invalid - seems you passed in a variable like {number} - please pass in variables for interpolation as full objects like {{number}}. 0 @ https://console.twilio.com/46467.15018b3d3568a6e2.js:584
[  231131ms] [WARNING] react-i18next:: Trans: the passed in value is invalid - seems you passed in a variable like {number} - please pass in variables for interpolation as full objects like {{number}}. 0 @ https://console.twilio.com/46467.15018b3d3568a6e2.js:584
[  231139ms] [WARNING] react-i18next:: Trans: the passed in value is invalid - seems you passed in a variable like {number} - please pass in variables for interpolation as full objects like {{number}}. 0 @ https://console.twilio.com/46467.15018b3d3568a6e2.js:584
[  231154ms] [WARNING] react-i18next:: Trans: the passed in value is invalid - seems you passed in a variable like {number} - please pass in variables for interpolation as full objects like {{number}}. 0 @ https://console.twilio.com/46467.15018b3d3568a6e2.js:584
[  231160ms] [WARNING] react-i18next:: Trans: the passed in value is invalid - seems you passed in a variable like {number} - please pass in variables for interpolation as full objects like {{number}}. 0 @ https://console.twilio.com/46467.15018b3d3568a6e2.js:584
[  231166ms] [WARNING] react-i18next:: Trans: the passed in value is invalid - seems you passed in a variable like {number} - please pass in variables for interpolation as full objects like {{number}}. 0 @ https://console.twilio.com/46467.15018b3d3568a6e2.js:584
[  231179ms] [WARNING] react-i18next:: Trans: the passed in value is invalid - seems you passed in a variable like {number} - please pass in variables for interpolation as full objects like {{number}}. 0 @ https://console.twilio.com/46467.15018b3d3568a6e2.js:584
[  231196ms] [WARNING] react-i18next:: Trans: the passed in value is invalid - seems you passed in a variable like {number} - please pass in variables for interpolation as full objects like {{number}}. 0 @ https://console.twilio.com/46467.15018b3d3568a6e2.js:584
[  231213ms] [WARNING] react-i18next:: Trans: the passed in value is invalid - seems you passed in a variable like {number} - please pass in variables for interpolation as full objects like {{number}}. 0 @ https://console.twilio.com/46467.15018b3d3568a6e2.js:584
[  231233ms] [WARNING] react-i18next:: Trans: the passed in value is invalid - seems you passed in a variable like {number} - please pass in variables for interpolation as full objects like {{number}}. 0 @ https://console.twilio.com/46467.15018b3d3568a6e2.js:584
[  231240ms] [WARNING] react-i18next:: Trans: the passed in value is invalid - seems you passed in a variable like {number} - please pass in variables for interpolation as full objects like {{number}}. 0 @ https://console.twilio.com/46467.15018b3d3568a6e2.js:584
[  231249ms] [WARNING] react-i18next:: Trans: the passed in value is invalid - seems you passed in a variable like {number} - please pass in variables for interpolation as full objects like {{number}}. 0 @ https://console.twilio.com/46467.15018b3d3568a6e2.js:584
[  231254ms] [WARNING] react-i18next:: Trans: the passed in value is invalid - seems you passed in a variable like {number} - please pass in variables for interpolation as full objects like {{number}}. 0 @ https://console.twilio.com/46467.15018b3d3568a6e2.js:584
[  231261ms] [WARNING] react-i18next:: Trans: the passed in value is invalid - seems you passed in a variable like {number} - please pass in variables for interpolation as full objects like {{number}}. 0 @ https://console.twilio.com/46467.15018b3d3568a6e2.js:584
[  231269ms] [WARNING] react-i18next:: Trans: the passed in value is invalid - seems you passed in a variable like {number} - please pass in variables for interpolation as full objects like {{number}}. 0 @ https://console.twilio.com/46467.15018b3d3568a6e2.js:584
[  231278ms] [WARNING] react-i18next:: Trans: the passed in value is invalid - seems you passed in a variable like {number} - please pass in variables for interpolation as full objects like {{number}}. 0 @ https://console.twilio.com/46467.15018b3d3568a6e2.js:584
[  231395ms] [WARNING] react-i18next:: Trans: the passed in value is invalid - seems you passed in a variable like {number} - please pass in variables for interpolation as full objects like {{number}}. 0 @ https://console.twilio.com/46467.15018b3d3568a6e2.js:584
[  231399ms] [WARNING] react-i18next:: Trans: the passed in value is invalid - seems you passed in a variable like {number} - please pass in variables for interpolation as full objects like {{number}}. 0 @ https://console.twilio.com/46467.15018b3d3568a6e2.js:584
[  231407ms] [WARNING] react-i18next:: Trans: the passed in value is invalid - seems you passed in a variable like {number} - please pass in variables for interpolation as full objects like {{number}}. 0 @ https://console.twilio.com/46467.15018b3d3568a6e2.js:584
[  231412ms] [WARNING] react-i18next:: Trans: the passed in value is invalid - seems you passed in a variable like {number} - please pass in variables for interpolation as full objects like {{number}}. 0 @ https://console.twilio.com/46467.15018b3d3568a6e2.js:584
[  231416ms] [WARNING] react-i18next:: Trans: the passed in value is invalid - seems you passed in a variable like {number} - please pass in variables for interpolation as full objects like {{number}}. 0 @ https://console.twilio.com/46467.15018b3d3568a6e2.js:584
[  231424ms] [WARNING] react-i18next:: Trans: the passed in value is invalid - seems you passed in a variable like {number} - please pass in variables for interpolation as full objects like {{number}}. 0 @ https://console.twilio.com/46467.15018b3d3568a6e2.js:584
[  231431ms] [WARNING] react-i18next:: Trans: the passed in value is invalid - seems you passed in a variable like {number} - please pass in variables for interpolation as full objects like {{number}}. 0 @ https://console.twilio.com/46467.15018b3d3568a6e2.js:584
[  231436ms] [WARNING] react-i18next:: Trans: the passed in value is invalid - seems you passed in a variable like {number} - please pass in variables for interpolation as full objects like {{number}}. 0 @ https://console.twilio.com/46467.15018b3d3568a6e2.js:584
[  231441ms] [WARNING] react-i18next:: Trans: the passed in value is invalid - seems you passed in a variable like {number} - please pass in variables for interpolation as full objects like {{number}}. 0 @ https://console.twilio.com/46467.15018b3d3568a6e2.js:584
[  231447ms] [WARNING] react-i18next:: Trans: the passed in value is invalid - seems you passed in a variable like {number} - please pass in variables for interpolation as full objects like {{number}}. 0 @ https://console.twilio.com/46467.15018b3d3568a6e2.js:584
[  231450ms] [WARNING] react-i18next:: Trans: the passed in value is invalid - seems you passed in a variable like {number} - please pass in variables for interpolation as full objects like {{number}}. 0 @ https://console.twilio.com/46467.15018b3d3568a6e2.js:584
[  231467ms] [WARNING] react-i18next:: Trans: the passed in value is invalid - seems you passed in a variable like {number} - please pass in variables for interpolation as full objects like {{number}}. 0 @ https://console.twilio.com/46467.15018b3d3568a6e2.js:584
[  231472ms] [WARNING] react-i18next:: Trans: the passed in value is invalid - seems you passed in a variable like {number} - please pass in variables for interpolation as full objects like {{number}}. 0 @ https://console.twilio.com/46467.15018b3d3568a6e2.js:584
[  231486ms] [WARNING] react-i18next:: Trans: the passed in value is invalid - seems you passed in a variable like {number} - please pass in variables for interpolation as full objects like {{number}}. 0 @ https://console.twilio.com/46467.15018b3d3568a6e2.js:584
[  231493ms] [WARNING] react-i18next:: Trans: the passed in value is invalid - seems you passed in a variable like {number} - please pass in variables for interpolation as full objects like {{number}}. 0 @ https://console.twilio.com/46467.15018b3d3568a6e2.js:584
[  231503ms] [WARNING] react-i18next:: Trans: the passed in value is invalid - seems you passed in a variable like {number} - please pass in variables for interpolation as full objects like {{number}}. 0 @ https://console.twilio.com/46467.15018b3d3568a6e2.js:584
[  231577ms] [WARNING] react-i18next:: Trans: the passed in value is invalid - seems you passed in a variable like {number} - please pass in variables for interpolation as full objects like {{number}}. 0 @ https://console.twilio.com/46467.15018b3d3568a6e2.js:584
[  231587ms] [WARNING] react-i18next:: Trans: the passed in value is invalid - seems you passed in a variable like {number} - please pass in variables for interpolation as full objects like {{number}}. 0 @ https://console.twilio.com/46467.15018b3d3568a6e2.js:584
[  231593ms] [WARNING] react-i18next:: Trans: the passed in value is invalid - seems you passed in a variable like {number} - please pass in variables for interpolation as full objects like {{number}}. 0 @ https://console.twilio.com/46467.15018b3d3568a6e2.js:584
[  231598ms] [WARNING] react-i18next:: Trans: the passed in value is invalid - seems you passed in a variable like {number} - please pass in variables for interpolation as full objects like {{number}}. 0 @ https://console.twilio.com/46467.15018b3d3568a6e2.js:584
[  231609ms] [WARNING] react-i18next:: Trans: the passed in value is invalid - seems you passed in a variable like {number} - please pass in variables for interpolation as full objects like {{number}}. 0 @ https://console.twilio.com/46467.15018b3d3568a6e2.js:584
[  231623ms] [WARNING] react-i18next:: Trans: the passed in value is invalid - seems you passed in a variable like {number} - please pass in variables for interpolation as full objects like {{number}}. 0 @ https://console.twilio.com/46467.15018b3d3568a6e2.js:584
[  231723ms] [WARNING] react-i18next:: Trans: the passed in value is invalid - seems you passed in a variable like {number} - please pass in variables for interpolation as full objects like {{number}}. 0 @ https://console.twilio.com/46467.15018b3d3568a6e2.js:584
[  231748ms] [WARNING] react-i18next:: Trans: the passed in value is invalid - seems you passed in a variable like {number} - please pass in variables for interpolation as full objects like {{number}}. 0 @ https://console.twilio.com/46467.15018b3d3568a6e2.js:584
[  231754ms] [WARNING] react-i18next:: Trans: the passed in value is invalid - seems you passed in a variable like {number} - please pass in variables for interpolation as full objects like {{number}}. 0 @ https://console.twilio.com/46467.15018b3d3568a6e2.js:584
[  231772ms] [WARNING] react-i18next:: Trans: the passed in value is invalid - seems you passed in a variable like {number} - please pass in variables for interpolation as full objects like {{number}}. 0 @ https://console.twilio.com/46467.15018b3d3568a6e2.js:584
[  231789ms] [WARNING] react-i18next:: Trans: the passed in value is invalid - seems you passed in a variable like {number} - please pass in variables for interpolation as full objects like {{number}}. 0 @ https://console.twilio.com/46467.15018b3d3568a6e2.js:584
[  231801ms] [WARNING] react-i18next:: Trans: the passed in value is invalid - seems you passed in a variable like {number} - please pass in variables for interpolation as full objects like {{number}}. 0 @ https://console.twilio.com/46467.15018b3d3568a6e2.js:584
[  231812ms] [WARNING] react-i18next:: Trans: the passed in value is invalid - seems you passed in a variable like {number} - please pass in variables for interpolation as full objects like {{number}}. 0 @ https://console.twilio.com/46467.15018b3d3568a6e2.js:584
[  231821ms] [WARNING] react-i18next:: Trans: the passed in value is invalid - seems you passed in a variable like {number} - please pass in variables for interpolation as full objects like {{number}}. 0 @ https://console.twilio.com/46467.15018b3d3568a6e2.js:584
[  231831ms] [WARNING] react-i18next:: Trans: the passed in value is invalid - seems you passed in a variable like {number} - please pass in variables for interpolation as full objects like {{number}}. 0 @ https://console.twilio.com/46467.15018b3d3568a6e2.js:584
[  231837ms] [WARNING] react-i18next:: Trans: the passed in value is invalid - seems you passed in a variable like {number} - please pass in variables for interpolation as full objects like {{number}}. 0 @ https://console.twilio.com/46467.15018b3d3568a6e2.js:584
[  231843ms] [WARNING] react-i18next:: Trans: the passed in value is invalid - seems you passed in a variable like {number} - please pass in variables for interpolation as full objects like {{number}}. 0 @ https://console.twilio.com/46467.15018b3d3568a6e2.js:584
[  231857ms] [WARNING] react-i18next:: Trans: the passed in value is invalid - seems you passed in a variable like {number} - please pass in variables for interpolation as full objects like {{number}}. 0 @ https://console.twilio.com/46467.15018b3d3568a6e2.js:584
[  231864ms] [WARNING] react-i18next:: Trans: the passed in value is invalid - seems you passed in a variable like {number} - please pass in variables for interpolation as full objects like {{number}}. 0 @ https://console.twilio.com/46467.15018b3d3568a6e2.js:584
[  231876ms] [WARNING] react-i18next:: Trans: the passed in value is invalid - seems you passed in a variable like {number} - please pass in variables for interpolation as full objects like {{number}}. 0 @ https://console.twilio.com/46467.15018b3d3568a6e2.js:584
[  231884ms] [WARNING] react-i18next:: Trans: the passed in value is invalid - seems you passed in a variable like {number} - please pass in variables for interpolation as full objects like {{number}}. 0 @ https://console.twilio.com/46467.15018b3d3568a6e2.js:584
[  231893ms] [WARNING] react-i18next:: Trans: the passed in value is invalid - seems you passed in a variable like {number} - please pass in variables for interpolation as full objects like {{number}}. 0 @ https://console.twilio.com/46467.15018b3d3568a6e2.js:584
[  231900ms] [WARNING] react-i18next:: Trans: the passed in value is invalid - seems you passed in a variable like {number} - please pass in variables for interpolation as full objects like {{number}}. 0 @ https://console.twilio.com/46467.15018b3d3568a6e2.js:584
[  231908ms] [WARNING] react-i18next:: Trans: the passed in value is invalid - seems you passed in a variable like {number} - please pass in variables for interpolation as full objects like {{number}}. 0 @ https://console.twilio.com/46467.15018b3d3568a6e2.js:584
[  231913ms] [WARNING] react-i18next:: Trans: the passed in value is invalid - seems you passed in a variable like {number} - please pass in variables for interpolation as full objects like {{number}}. 0 @ https://console.twilio.com/46467.15018b3d3568a6e2.js:584
[  231925ms] [WARNING] react-i18next:: Trans: the passed in value is invalid - seems you passed in a variable like {number} - please pass in variables for interpolation as full objects like {{number}}. 0 @ https://console.twilio.com/46467.15018b3d3568a6e2.js:584
[  231930ms] [WARNING] react-i18next:: Trans: the passed in value is invalid - seems you passed in a variable like {number} - please pass in variables for interpolation as full objects like {{number}}. 0 @ https://console.twilio.com/46467.15018b3d3568a6e2.js:584
[  231939ms] [WARNING] react-i18next:: Trans: the passed in value is invalid - seems you passed in a variable like {number} - please pass in variables for interpolation as full objects like {{number}}. 0 @ https://console.twilio.com/46467.15018b3d3568a6e2.js:584
[  232202ms] [WARNING] react-i18next:: Trans: the passed in value is invalid - seems you passed in a variable like {number} - please pass in variables for interpolation as full objects like {{number}}. 0 @ https://console.twilio.com/46467.15018b3d3568a6e2.js:584
[  232235ms] [WARNING] react-i18next:: Trans: the passed in value is invalid - seems you passed in a variable like {number} - please pass in variables for interpolation as full objects like {{number}}. 0 @ https://console.twilio.com/46467.15018b3d3568a6e2.js:584
[  232241ms] [WARNING] react-i18next:: Trans: the passed in value is invalid - seems you passed in a variable like {number} - please pass in variables for interpolation as full objects like {{number}}. 0 @ https://console.twilio.com/46467.15018b3d3568a6e2.js:584
[  232253ms] [WARNING] react-i18next:: Trans: the passed in value is invalid - seems you passed in a variable like {number} - please pass in variables for interpolation as full objects like {{number}}. 0 @ https://console.twilio.com/46467.15018b3d3568a6e2.js:584
[  232260ms] [WARNING] react-i18next:: Trans: the passed in value is invalid - seems you passed in a variable like {number} - please pass in variables for interpolation as full objects like {{number}}. 0 @ https://console.twilio.com/46467.15018b3d3568a6e2.js:584
[  232267ms] [WARNING] react-i18next:: Trans: the passed in value is invalid - seems you passed in a variable like {number} - please pass in variables for interpolation as full objects like {{number}}. 0 @ https://console.twilio.com/46467.15018b3d3568a6e2.js:584
[  232273ms] [WARNING] react-i18next:: Trans: the passed in value is invalid - seems you passed in a variable like {number} - please pass in variables for interpolation as full objects like {{number}}. 0 @ https://console.twilio.com/46467.15018b3d3568a6e2.js:584
[  232294ms] [WARNING] react-i18next:: Trans: the passed in value is invalid - seems you passed in a variable like {number} - please pass in variables for interpolation as full objects like {{number}}. 0 @ https://console.twilio.com/46467.15018b3d3568a6e2.js:584
[  232309ms] [WARNING] react-i18next:: Trans: the passed in value is invalid - seems you passed in a variable like {number} - please pass in variables for interpolation as full objects like {{number}}. 0 @ https://console.twilio.com/46467.15018b3d3568a6e2.js:584
[  232331ms] [WARNING] react-i18next:: Trans: the passed in value is invalid - seems you passed in a variable like {number} - please pass in variables for interpolation as full objects like {{number}}. 0 @ https://console.twilio.com/46467.15018b3d3568a6e2.js:584
[  232337ms] [WARNING] react-i18next:: Trans: the passed in value is invalid - seems you passed in a variable like {number} - please pass in variables for interpolation as full objects like {{number}}. 0 @ https://console.twilio.com/46467.15018b3d3568a6e2.js:584
[  232348ms] [WARNING] react-i18next:: Trans: the passed in value is invalid - seems you passed in a variable like {number} - please pass in variables for interpolation as full objects like {{number}}. 0 @ https://console.twilio.com/46467.15018b3d3568a6e2.js:584
[  232359ms] [WARNING] react-i18next:: Trans: the passed in value is invalid - seems you passed in a variable like {number} - please pass in variables for interpolation as full objects like {{number}}. 0 @ https://console.twilio.com/46467.15018b3d3568a6e2.js:584
[  232367ms] [WARNING] react-i18next:: Trans: the passed in value is invalid - seems you passed in a variable like {number} - please pass in variables for interpolation as full objects like {{number}}. 0 @ https://console.twilio.com/46467.15018b3d3568a6e2.js:584
[  232376ms] [WARNING] react-i18next:: Trans: the passed in value is invalid - seems you passed in a variable like {number} - please pass in variables for interpolation as full objects like {{number}}. 0 @ https://console.twilio.com/46467.15018b3d3568a6e2.js:584
[  232386ms] [WARNING] react-i18next:: Trans: the passed in value is invalid - seems you passed in a variable like {number} - please pass in variables for interpolation as full objects like {{number}}. 0 @ https://console.twilio.com/46467.15018b3d3568a6e2.js:584
[  232401ms] [WARNING] react-i18next:: Trans: the passed in value is invalid - seems you passed in a variable like {number} - please pass in variables for interpolation as full objects like {{number}}. 0 @ https://console.twilio.com/46467.15018b3d3568a6e2.js:584
[  232408ms] [WARNING] react-i18next:: Trans: the passed in value is invalid - seems you passed in a variable like {number} - please pass in variables for interpolation as full objects like {{number}}. 0 @ https://console.twilio.com/46467.15018b3d3568a6e2.js:584
[  232423ms] [WARNING] react-i18next:: Trans: the passed in value is invalid - seems you passed in a variable like {number} - please pass in variables for interpolation as full objects like {{number}}. 0 @ https://console.twilio.com/46467.15018b3d3568a6e2.js:584
[  232442ms] [WARNING] react-i18next:: Trans: the passed in value is invalid - seems you passed in a variable like {number} - please pass in variables for interpolation as full objects like {{number}}. 0 @ https://console.twilio.com/46467.15018b3d3568a6e2.js:584
[  232456ms] [WARNING] react-i18next:: Trans: the passed in value is invalid - seems you passed in a variable like {number} - please pass in variables for interpolation as full objects like {{number}}. 0 @ https://console.twilio.com/46467.15018b3d3568a6e2.js:584
[  232473ms] [WARNING] react-i18next:: Trans: the passed in value is invalid - seems you passed in a variable like {number} - please pass in variables for interpolation as full objects like {{number}}. 0 @ https://console.twilio.com/46467.15018b3d3568a6e2.js:584
[  232732ms] [WARNING] Error converting to text AbortError: The user aborted a request. Response @ https://console.twilio.com/46467.15018b3d3568a6e2.js:18
[  234815ms] [WARNING] react-i18next:: Trans: the passed in value is invalid - seems you passed in a variable like {number} - please pass in variables for interpolation as full objects like {{number}}. 0 @ https://console.twilio.com/46467.15018b3d3568a6e2.js:584
[  234857ms] [WARNING] react-i18next:: Trans: the passed in value is invalid - seems you passed in a variable like {number} - please pass in variables for interpolation as full objects like {{number}}. 0 @ https://console.twilio.com/46467.15018b3d3568a6e2.js:584
[  234866ms] [WARNING] react-i18next:: Trans: the passed in value is invalid - seems you passed in a variable like {number} - please pass in variables for interpolation as full objects like {{number}}. 0 @ https://console.twilio.com/46467.15018b3d3568a6e2.js:584
[  234877ms] [WARNING] react-i18next:: Trans: the passed in value is invalid - seems you passed in a variable like {number} - please pass in variables for interpolation as full objects like {{number}}. 0 @ https://console.twilio.com/46467.15018b3d3568a6e2.js:584
[  234885ms] [WARNING] react-i18next:: Trans: the passed in value is invalid - seems you passed in a variable like {number} - please pass in variables for interpolation as full objects like {{number}}. 0 @ https://console.twilio.com/46467.15018b3d3568a6e2.js:584
[  234898ms] [WARNING] react-i18next:: Trans: the passed in value is invalid - seems you passed in a variable like {number} - please pass in variables for interpolation as full objects like {{number}}. 0 @ https://console.twilio.com/46467.15018b3d3568a6e2.js:584
[  234904ms] [WARNING] react-i18next:: Trans: the passed in value is invalid - seems you passed in a variable like {number} - please pass in variables for interpolation as full objects like {{number}}. 0 @ https://console.twilio.com/46467.15018b3d3568a6e2.js:584
[  234913ms] [WARNING] react-i18next:: Trans: the passed in value is invalid - seems you passed in a variable like {number} - please pass in variables for interpolation as full objects like {{number}}. 0 @ https://console.twilio.com/46467.15018b3d3568a6e2.js:584
[  234920ms] [WARNING] react-i18next:: Trans: the passed in value is invalid - seems you passed in a variable like {number} - please pass in variables for interpolation as full objects like {{number}}. 0 @ https://console.twilio.com/46467.15018b3d3568a6e2.js:584
[  234926ms] [WARNING] react-i18next:: Trans: the passed in value is invalid - seems you passed in a variable like {number} - please pass in variables for interpolation as full objects like {{number}}. 0 @ https://console.twilio.com/46467.15018b3d3568a6e2.js:584
[  234932ms] [WARNING] react-i18next:: Trans: the passed in value is invalid - seems you passed in a variable like {number} - please pass in variables for interpolation as full objects like {{number}}. 0 @ https://console.twilio.com/46467.15018b3d3568a6e2.js:584
[  234937ms] [WARNING] react-i18next:: Trans: the passed in value is invalid - seems you passed in a variable like {number} - please pass in variables for interpolation as full objects like {{number}}. 0 @ https://console.twilio.com/46467.15018b3d3568a6e2.js:584
[  234944ms] [WARNING] react-i18next:: Trans: the passed in value is invalid - seems you passed in a variable like {number} - please pass in variables for interpolation as full objects like {{number}}. 0 @ https://console.twilio.com/46467.15018b3d3568a6e2.js:584
[  234949ms] [WARNING] react-i18next:: Trans: the passed in value is invalid - seems you passed in a variable like {number} - please pass in variables for interpolation as full objects like {{number}}. 0 @ https://console.twilio.com/46467.15018b3d3568a6e2.js:584
[  234960ms] [WARNING] react-i18next:: Trans: the passed in value is invalid - seems you passed in a variable like {number} - please pass in variables for interpolation as full objects like {{number}}. 0 @ https://console.twilio.com/46467.15018b3d3568a6e2.js:584
[  234965ms] [WARNING] react-i18next:: Trans: the passed in value is invalid - seems you passed in a variable like {number} - please pass in variables for interpolation as full objects like {{number}}. 0 @ https://console.twilio.com/46467.15018b3d3568a6e2.js:584
[  234972ms] [WARNING] react-i18next:: Trans: the passed in value is invalid - seems you passed in a variable like {number} - please pass in variables for interpolation as full objects like {{number}}. 0 @ https://console.twilio.com/46467.15018b3d3568a6e2.js:584
[  234981ms] [WARNING] react-i18next:: Trans: the passed in value is invalid - seems you passed in a variable like {number} - please pass in variables for interpolation as full objects like {{number}}. 0 @ https://console.twilio.com/46467.15018b3d3568a6e2.js:584
[  235000ms] [WARNING] react-i18next:: Trans: the passed in value is invalid - seems you passed in a variable like {number} - please pass in variables for interpolation as full objects like {{number}}. 0 @ https://console.twilio.com/46467.15018b3d3568a6e2.js:584
[  235005ms] [WARNING] react-i18next:: Trans: the passed in value is invalid - seems you passed in a variable like {number} - please pass in variables for interpolation as full objects like {{number}}. 0 @ https://console.twilio.com/46467.15018b3d3568a6e2.js:584
[  235017ms] [WARNING] react-i18next:: Trans: the passed in value is invalid - seems you passed in a variable like {number} - please pass in variables for interpolation as full objects like {{number}}. 0 @ https://console.twilio.com/46467.15018b3d3568a6e2.js:584
[  235029ms] [WARNING] react-i18next:: Trans: the passed in value is invalid - seems you passed in a variable like {number} - please pass in variables for interpolation as full objects like {{number}}. 0 @ https://console.twilio.com/46467.15018b3d3568a6e2.js:584
[  276542ms] [WARNING] react-i18next:: Trans: the passed in value is invalid - seems you passed in a variable like {number} - please pass in variables for interpolation as full objects like {{number}}. 0 @ https://console.twilio.com/46467.15018b3d3568a6e2.js:584
[  276547ms] [WARNING] react-i18next:: Trans: the passed in value is invalid - seems you passed in a variable like {number} - please pass in variables for interpolation as full objects like {{number}}. 0 @ https://console.twilio.com/46467.15018b3d3568a6e2.js:584
[  276550ms] [WARNING] react-i18next:: Trans: the passed in value is invalid - seems you passed in a variable like {number} - please pass in variables for interpolation as full objects like {{number}}. 0 @ https://console.twilio.com/46467.15018b3d3568a6e2.js:584
[  276553ms] [WARNING] react-i18next:: Trans: the passed in value is invalid - seems you passed in a variable like {number} - please pass in variables for interpolation as full objects like {{number}}. 0 @ https://console.twilio.com/46467.15018b3d3568a6e2.js:584
[  276559ms] [WARNING] react-i18next:: Trans: the passed in value is invalid - seems you passed in a variable like {number} - please pass in variables for interpolation as full objects like {{number}}. 0 @ https://console.twilio.com/46467.15018b3d3568a6e2.js:584
[  276564ms] [WARNING] react-i18next:: Trans: the passed in value is invalid - seems you passed in a variable like {number} - please pass in variables for interpolation as full objects like {{number}}. 0 @ https://console.twilio.com/46467.15018b3d3568a6e2.js:584
[  276566ms] [WARNING] react-i18next:: Trans: the passed in value is invalid - seems you passed in a variable like {number} - please pass in variables for interpolation as full objects like {{number}}. 0 @ https://console.twilio.com/46467.15018b3d3568a6e2.js:584
[  276569ms] [WARNING] react-i18next:: Trans: the passed in value is invalid - seems you passed in a variable like {number} - please pass in variables for interpolation as full objects like {{number}}. 0 @ https://console.twilio.com/46467.15018b3d3568a6e2.js:584
[  276571ms] [WARNING] react-i18next:: Trans: the passed in value is invalid - seems you passed in a variable like {number} - please pass in variables for interpolation as full objects like {{number}}. 0 @ https://console.twilio.com/46467.15018b3d3568a6e2.js:584
[  276575ms] [WARNING] react-i18next:: Trans: the passed in value is invalid - seems you passed in a variable like {number} - please pass in variables for interpolation as full objects like {{number}}. 0 @ https://console.twilio.com/46467.15018b3d3568a6e2.js:584
[  276579ms] [WARNING] react-i18next:: Trans: the passed in value is invalid - seems you passed in a variable like {number} - please pass in variables for interpolation as full objects like {{number}}. 0 @ https://console.twilio.com/46467.15018b3d3568a6e2.js:584
[  276581ms] [WARNING] react-i18next:: Trans: the passed in value is invalid - seems you passed in a variable like {number} - please pass in variables for interpolation as full objects like {{number}}. 0 @ https://console.twilio.com/46467.15018b3d3568a6e2.js:584
[  276583ms] [WARNING] react-i18next:: Trans: the passed in value is invalid - seems you passed in a variable like {number} - please pass in variables for interpolation as full objects like {{number}}. 0 @ https://console.twilio.com/46467.15018b3d3568a6e2.js:584
[  276586ms] [WARNING] react-i18next:: Trans: the passed in value is invalid - seems you passed in a variable like {number} - please pass in variables for interpolation as full objects like {{number}}. 0 @ https://console.twilio.com/46467.15018b3d3568a6e2.js:584
[  276588ms] [WARNING] react-i18next:: Trans: the passed in value is invalid - seems you passed in a variable like {number} - please pass in variables for interpolation as full objects like {{number}}. 0 @ https://console.twilio.com/46467.15018b3d3568a6e2.js:584
[  276591ms] [WARNING] react-i18next:: Trans: the passed in value is invalid - seems you passed in a variable like {number} - please pass in variables for interpolation as full objects like {{number}}. 0 @ https://console.twilio.com/46467.15018b3d3568a6e2.js:584
[  276596ms] [WARNING] react-i18next:: Trans: the passed in value is invalid - seems you passed in a variable like {number} - please pass in variables for interpolation as full objects like {{number}}. 0 @ https://console.twilio.com/46467.15018b3d3568a6e2.js:584
[  276598ms] [WARNING] react-i18next:: Trans: the passed in value is invalid - seems you passed in a variable like {number} - please pass in variables for interpolation as full objects like {{number}}. 0 @ https://console.twilio.com/46467.15018b3d3568a6e2.js:584
[  276601ms] [WARNING] react-i18next:: Trans: the passed in value is invalid - seems you passed in a variable like {number} - please pass in variables for interpolation as full objects like {{number}}. 0 @ https://console.twilio.com/46467.15018b3d3568a6e2.js:584
[  276604ms] [WARNING] react-i18next:: Trans: the passed in value is invalid - seems you passed in a variable like {number} - please pass in variables for interpolation as full objects like {{number}}. 0 @ https://console.twilio.com/46467.15018b3d3568a6e2.js:584
[  276607ms] [WARNING] react-i18next:: Trans: the passed in value is invalid - seems you passed in a variable like {number} - please pass in variables for interpolation as full objects like {{number}}. 0 @ https://console.twilio.com/46467.15018b3d3568a6e2.js:584
[  276612ms] [WARNING] react-i18next:: Trans: the passed in value is invalid - seems you passed in a variable like {number} - please pass in variables for interpolation as full objects like {{number}}. 0 @ https://console.twilio.com/46467.15018b3d3568a6e2.js:584
[  276651ms] [WARNING] react-i18next:: Trans: the passed in value is invalid - seems you passed in a variable like {number} - please pass in variables for interpolation as full objects like {{number}}. 0 @ https://console.twilio.com/46467.15018b3d3568a6e2.js:584
[  276653ms] [WARNING] react-i18next:: Trans: the passed in value is invalid - seems you passed in a variable like {number} - please pass in variables for interpolation as full objects like {{number}}. 0 @ https://console.twilio.com/46467.15018b3d3568a6e2.js:584
[  276657ms] [WARNING] react-i18next:: Trans: the passed in value is invalid - seems you passed in a variable like {number} - please pass in variables for interpolation as full objects like {{number}}. 0 @ https://console.twilio.com/46467.15018b3d3568a6e2.js:584
[  276661ms] [WARNING] react-i18next:: Trans: the passed in value is invalid - seems you passed in a variable like {number} - please pass in variables for interpolation as full objects like {{number}}. 0 @ https://console.twilio.com/46467.15018b3d3568a6e2.js:584
[  276665ms] [WARNING] react-i18next:: Trans: the passed in value is invalid - seems you passed in a variable like {number} - please pass in variables for interpolation as full objects like {{number}}. 0 @ https://console.twilio.com/46467.15018b3d3568a6e2.js:584
[  276668ms] [WARNING] react-i18next:: Trans: the passed in value is invalid - seems you passed in a variable like {number} - please pass in variables for interpolation as full objects like {{number}}. 0 @ https://console.twilio.com/46467.15018b3d3568a6e2.js:584
[  276670ms] [WARNING] react-i18next:: Trans: the passed in value is invalid - seems you passed in a variable like {number} - please pass in variables for interpolation as full objects like {{number}}. 0 @ https://console.twilio.com/46467.15018b3d3568a6e2.js:584
[  276676ms] [WARNING] react-i18next:: Trans: the passed in value is invalid - seems you passed in a variable like {number} - please pass in variables for interpolation as full objects like {{number}}. 0 @ https://console.twilio.com/46467.15018b3d3568a6e2.js:584
[  276679ms] [WARNING] react-i18next:: Trans: the passed in value is invalid - seems you passed in a variable like {number} - please pass in variables for interpolation as full objects like {{number}}. 0 @ https://console.twilio.com/46467.15018b3d3568a6e2.js:584
[  276682ms] [WARNING] react-i18next:: Trans: the passed in value is invalid - seems you passed in a variable like {number} - please pass in variables for interpolation as full objects like {{number}}. 0 @ https://console.twilio.com/46467.15018b3d3568a6e2.js:584
[  276685ms] [WARNING] react-i18next:: Trans: the passed in value is invalid - seems you passed in a variable like {number} - please pass in variables for interpolation as full objects like {{number}}. 0 @ https://console.twilio.com/46467.15018b3d3568a6e2.js:584
[  276689ms] [WARNING] react-i18next:: Trans: the passed in value is invalid - seems you passed in a variable like {number} - please pass in variables for interpolation as full objects like {{number}}. 0 @ https://console.twilio.com/46467.15018b3d3568a6e2.js:584
[  276694ms] [WARNING] react-i18next:: Trans: the passed in value is invalid - seems you passed in a variable like {number} - please pass in variables for interpolation as full objects like {{number}}. 0 @ https://console.twilio.com/46467.15018b3d3568a6e2.js:584
[  276698ms] [WARNING] react-i18next:: Trans: the passed in value is invalid - seems you passed in a variable like {number} - please pass in variables for interpolation as full objects like {{number}}. 0 @ https://console.twilio.com/46467.15018b3d3568a6e2.js:584
[  276701ms] [WARNING] react-i18next:: Trans: the passed in value is invalid - seems you passed in a variable like {number} - please pass in variables for interpolation as full objects like {{number}}. 0 @ https://console.twilio.com/46467.15018b3d3568a6e2.js:584
[  276704ms] [WARNING] react-i18next:: Trans: the passed in value is invalid - seems you passed in a variable like {number} - please pass in variables for interpolation as full objects like {{number}}. 0 @ https://console.twilio.com/46467.15018b3d3568a6e2.js:584
[  276708ms] [WARNING] react-i18next:: Trans: the passed in value is invalid - seems you passed in a variable like {number} - please pass in variables for interpolation as full objects like {{number}}. 0 @ https://console.twilio.com/46467.15018b3d3568a6e2.js:584
[  276712ms] [WARNING] react-i18next:: Trans: the passed in value is invalid - seems you passed in a variable like {number} - please pass in variables for interpolation as full objects like {{number}}. 0 @ https://console.twilio.com/46467.15018b3d3568a6e2.js:584
[  276716ms] [WARNING] react-i18next:: Trans: the passed in value is invalid - seems you passed in a variable like {number} - please pass in variables for interpolation as full objects like {{number}}. 0 @ https://console.twilio.com/46467.15018b3d3568a6e2.js:584
[  276721ms] [WARNING] react-i18next:: Trans: the passed in value is invalid - seems you passed in a variable like {number} - please pass in variables for interpolation as full objects like {{number}}. 0 @ https://console.twilio.com/46467.15018b3d3568a6e2.js:584
[  276728ms] [WARNING] react-i18next:: Trans: the passed in value is invalid - seems you passed in a variable like {number} - please pass in variables for interpolation as full objects like {{number}}. 0 @ https://console.twilio.com/46467.15018b3d3568a6e2.js:584
[  276733ms] [WARNING] react-i18next:: Trans: the passed in value is invalid - seems you passed in a variable like {number} - please pass in variables for interpolation as full objects like {{number}}. 0 @ https://console.twilio.com/46467.15018b3d3568a6e2.js:584
[  276784ms] [WARNING] react-i18next:: Trans: the passed in value is invalid - seems you passed in a variable like {number} - please pass in variables for interpolation as full objects like {{number}}. 0 @ https://console.twilio.com/46467.15018b3d3568a6e2.js:584
[  276796ms] [WARNING] react-i18next:: Trans: the passed in value is invalid - seems you passed in a variable like {number} - please pass in variables for interpolation as full objects like {{number}}. 0 @ https://console.twilio.com/46467.15018b3d3568a6e2.js:584
[  276806ms] [WARNING] react-i18next:: Trans: the passed in value is invalid - seems you passed in a variable like {number} - please pass in variables for interpolation as full objects like {{number}}. 0 @ https://console.twilio.com/46467.15018b3d3568a6e2.js:584
[  276810ms] [WARNING] react-i18next:: Trans: the passed in value is invalid - seems you passed in a variable like {number} - please pass in variables for interpolation as full objects like {{number}}. 0 @ https://console.twilio.com/46467.15018b3d3568a6e2.js:584
[  276839ms] [WARNING] react-i18next:: Trans: the passed in value is invalid - seems you passed in a variable like {number} - please pass in variables for interpolation as full objects like {{number}}. 0 @ https://console.twilio.com/46467.15018b3d3568a6e2.js:584
[  276851ms] [WARNING] react-i18next:: Trans: the passed in value is invalid - seems you passed in a variable like {number} - please pass in variables for interpolation as full objects like {{number}}. 0 @ https://console.twilio.com/46467.15018b3d3568a6e2.js:584
[  276857ms] [WARNING] react-i18next:: Trans: the passed in value is invalid - seems you passed in a variable like {number} - please pass in variables for interpolation as full objects like {{number}}. 0 @ https://console.twilio.com/46467.15018b3d3568a6e2.js:584
[  276872ms] [WARNING] react-i18next:: Trans: the passed in value is invalid - seems you passed in a variable like {number} - please pass in variables for interpolation as full objects like {{number}}. 0 @ https://console.twilio.com/46467.15018b3d3568a6e2.js:584
[  276885ms] [WARNING] react-i18next:: Trans: the passed in value is invalid - seems you passed in a variable like {number} - please pass in variables for interpolation as full objects like {{number}}. 0 @ https://console.twilio.com/46467.15018b3d3568a6e2.js:584
[  276892ms] [WARNING] react-i18next:: Trans: the passed in value is invalid - seems you passed in a variable like {number} - please pass in variables for interpolation as full objects like {{number}}. 0 @ https://console.twilio.com/46467.15018b3d3568a6e2.js:584
[  276896ms] [WARNING] react-i18next:: Trans: the passed in value is invalid - seems you passed in a variable like {number} - please pass in variables for interpolation as full objects like {{number}}. 0 @ https://console.twilio.com/46467.15018b3d3568a6e2.js:584
[  276903ms] [WARNING] react-i18next:: Trans: the passed in value is invalid - seems you passed in a variable like {number} - please pass in variables for interpolation as full objects like {{number}}. 0 @ https://console.twilio.com/46467.15018b3d3568a6e2.js:584
[  276908ms] [WARNING] react-i18next:: Trans: the passed in value is invalid - seems you passed in a variable like {number} - please pass in variables for interpolation as full objects like {{number}}. 0 @ https://console.twilio.com/46467.15018b3d3568a6e2.js:584
[  276911ms] [WARNING] react-i18next:: Trans: the passed in value is invalid - seems you passed in a variable like {number} - please pass in variables for interpolation as full objects like {{number}}. 0 @ https://console.twilio.com/46467.15018b3d3568a6e2.js:584
[  276917ms] [WARNING] react-i18next:: Trans: the passed in value is invalid - seems you passed in a variable like {number} - please pass in variables for interpolation as full objects like {{number}}. 0 @ https://console.twilio.com/46467.15018b3d3568a6e2.js:584
[  276924ms] [WARNING] react-i18next:: Trans: the passed in value is invalid - seems you passed in a variable like {number} - please pass in variables for interpolation as full objects like {{number}}. 0 @ https://console.twilio.com/46467.15018b3d3568a6e2.js:584
[  276927ms] [WARNING] react-i18next:: Trans: the passed in value is invalid - seems you passed in a variable like {number} - please pass in variables for interpolation as full objects like {{number}}. 0 @ https://console.twilio.com/46467.15018b3d3568a6e2.js:584
[  276932ms] [WARNING] react-i18next:: Trans: the passed in value is invalid - seems you passed in a variable like {number} - please pass in variables for interpolation as full objects like {{number}}. 0 @ https://console.twilio.com/46467.15018b3d3568a6e2.js:584
[  276938ms] [WARNING] react-i18next:: Trans: the passed in value is invalid - seems you passed in a variable like {number} - please pass in variables for interpolation as full objects like {{number}}. 0 @ https://console.twilio.com/46467.15018b3d3568a6e2.js:584
[  276943ms] [WARNING] react-i18next:: Trans: the passed in value is invalid - seems you passed in a variable like {number} - please pass in variables for interpolation as full objects like {{number}}. 0 @ https://console.twilio.com/46467.15018b3d3568a6e2.js:584
[  276948ms] [WARNING] react-i18next:: Trans: the passed in value is invalid - seems you passed in a variable like {number} - please pass in variables for interpolation as full objects like {{number}}. 0 @ https://console.twilio.com/46467.15018b3d3568a6e2.js:584
[  276954ms] [WARNING] react-i18next:: Trans: the passed in value is invalid - seems you passed in a variable like {number} - please pass in variables for interpolation as full objects like {{number}}. 0 @ https://console.twilio.com/46467.15018b3d3568a6e2.js:584
[  277130ms] [WARNING] react-i18next:: Trans: the passed in value is invalid - seems you passed in a variable like {number} - please pass in variables for interpolation as full objects like {{number}}. 0 @ https://console.twilio.com/46467.15018b3d3568a6e2.js:584
[  277148ms] [WARNING] react-i18next:: Trans: the passed in value is invalid - seems you passed in a variable like {number} - please pass in variables for interpolation as full objects like {{number}}. 0 @ https://console.twilio.com/46467.15018b3d3568a6e2.js:584
[  277156ms] [WARNING] react-i18next:: Trans: the passed in value is invalid - seems you passed in a variable like {number} - please pass in variables for interpolation as full objects like {{number}}. 0 @ https://console.twilio.com/46467.15018b3d3568a6e2.js:584
[  277172ms] [WARNING] react-i18next:: Trans: the passed in value is invalid - seems you passed in a variable like {number} - please pass in variables for interpolation as full objects like {{number}}. 0 @ https://console.twilio.com/46467.15018b3d3568a6e2.js:584
[  277196ms] [WARNING] react-i18next:: Trans: the passed in value is invalid - seems you passed in a variable like {number} - please pass in variables for interpolation as full objects like {{number}}. 0 @ https://console.twilio.com/46467.15018b3d3568a6e2.js:584
[  277205ms] [WARNING] react-i18next:: Trans: the passed in value is invalid - seems you passed in a variable like {number} - please pass in variables for interpolation as full objects like {{number}}. 0 @ https://console.twilio.com/46467.15018b3d3568a6e2.js:584
[  277210ms] [WARNING] react-i18next:: Trans: the passed in value is invalid - seems you passed in a variable like {number} - please pass in variables for interpolation as full objects like {{number}}. 0 @ https://console.twilio.com/46467.15018b3d3568a6e2.js:584
[  277221ms] [WARNING] react-i18next:: Trans: the passed in value is invalid - seems you passed in a variable like {number} - please pass in variables for interpolation as full objects like {{number}}. 0 @ https://console.twilio.com/46467.15018b3d3568a6e2.js:584
[  277241ms] [WARNING] react-i18next:: Trans: the passed in value is invalid - seems you passed in a variable like {number} - please pass in variables for interpolation as full objects like {{number}}. 0 @ https://console.twilio.com/46467.15018b3d3568a6e2.js:584
[  277250ms] [WARNING] react-i18next:: Trans: the passed in value is invalid - seems you passed in a variable like {number} - please pass in variables for interpolation as full objects like {{number}}. 0 @ https://console.twilio.com/46467.15018b3d3568a6e2.js:584
[  277255ms] [WARNING] react-i18next:: Trans: the passed in value is invalid - seems you passed in a variable like {number} - please pass in variables for interpolation as full objects like {{number}}. 0 @ https://console.twilio.com/46467.15018b3d3568a6e2.js:584
[  277264ms] [WARNING] react-i18next:: Trans: the passed in value is invalid - seems you passed in a variable like {number} - please pass in variables for interpolation as full objects like {{number}}. 0 @ https://console.twilio.com/46467.15018b3d3568a6e2.js:584
[  277289ms] [WARNING] react-i18next:: Trans: the passed in value is invalid - seems you passed in a variable like {number} - please pass in variables for interpolation as full objects like {{number}}. 0 @ https://console.twilio.com/46467.15018b3d3568a6e2.js:584
[  277299ms] [WARNING] react-i18next:: Trans: the passed in value is invalid - seems you passed in a variable like {number} - please pass in variables for interpolation as full objects like {{number}}. 0 @ https://console.twilio.com/46467.15018b3d3568a6e2.js:584
[  277321ms] [WARNING] react-i18next:: Trans: the passed in value is invalid - seems you passed in a variable like {number} - please pass in variables for interpolation as full objects like {{number}}. 0 @ https://console.twilio.com/46467.15018b3d3568a6e2.js:584
[  277379ms] [WARNING] react-i18next:: Trans: the passed in value is invalid - seems you passed in a variable like {number} - please pass in variables for interpolation as full objects like {{number}}. 0 @ https://console.twilio.com/46467.15018b3d3568a6e2.js:584
[  277390ms] [WARNING] react-i18next:: Trans: the passed in value is invalid - seems you passed in a variable like {number} - please pass in variables for interpolation as full objects like {{number}}. 0 @ https://console.twilio.com/46467.15018b3d3568a6e2.js:584
[  277409ms] [WARNING] react-i18next:: Trans: the passed in value is invalid - seems you passed in a variable like {number} - please pass in variables for interpolation as full objects like {{number}}. 0 @ https://console.twilio.com/46467.15018b3d3568a6e2.js:584
[  277422ms] [WARNING] react-i18next:: Trans: the passed in value is invalid - seems you passed in a variable like {number} - please pass in variables for interpolation as full objects like {{number}}. 0 @ https://console.twilio.com/46467.15018b3d3568a6e2.js:584
[  277461ms] [WARNING] react-i18next:: Trans: the passed in value is invalid - seems you passed in a variable like {number} - please pass in variables for interpolation as full objects like {{number}}. 0 @ https://console.twilio.com/46467.15018b3d3568a6e2.js:584
[  277479ms] [WARNING] react-i18next:: Trans: the passed in value is invalid - seems you passed in a variable like {number} - please pass in variables for interpolation as full objects like {{number}}. 0 @ https://console.twilio.com/46467.15018b3d3568a6e2.js:584
[  277485ms] [WARNING] react-i18next:: Trans: the passed in value is invalid - seems you passed in a variable like {number} - please pass in variables for interpolation as full objects like {{number}}. 0 @ https://console.twilio.com/46467.15018b3d3568a6e2.js:584
[  278468ms] [WARNING] react-i18next:: Trans: the passed in value is invalid - seems you passed in a variable like {number} - please pass in variables for interpolation as full objects like {{number}}. 0 @ https://console.twilio.com/46467.15018b3d3568a6e2.js:584
[  278496ms] [WARNING] react-i18next:: Trans: the passed in value is invalid - seems you passed in a variable like {number} - please pass in variables for interpolation as full objects like {{number}}. 0 @ https://console.twilio.com/46467.15018b3d3568a6e2.js:584
[  278501ms] [WARNING] react-i18next:: Trans: the passed in value is invalid - seems you passed in a variable like {number} - please pass in variables for interpolation as full objects like {{number}}. 0 @ https://console.twilio.com/46467.15018b3d3568a6e2.js:584
[  278506ms] [WARNING] react-i18next:: Trans: the passed in value is invalid - seems you passed in a variable like {number} - please pass in variables for interpolation as full objects like {{number}}. 0 @ https://console.twilio.com/46467.15018b3d3568a6e2.js:584
[  278512ms] [WARNING] react-i18next:: Trans: the passed in value is invalid - seems you passed in a variable like {number} - please pass in variables for interpolation as full objects like {{number}}. 0 @ https://console.twilio.com/46467.15018b3d3568a6e2.js:584
[  278518ms] [WARNING] react-i18next:: Trans: the passed in value is invalid - seems you passed in a variable like {number} - please pass in variables for interpolation as full objects like {{number}}. 0 @ https://console.twilio.com/46467.15018b3d3568a6e2.js:584
[  278522ms] [WARNING] react-i18next:: Trans: the passed in value is invalid - seems you passed in a variable like {number} - please pass in variables for interpolation as full objects like {{number}}. 0 @ https://console.twilio.com/46467.15018b3d3568a6e2.js:584
[  278529ms] [WARNING] react-i18next:: Trans: the passed in value is invalid - seems you passed in a variable like {number} - please pass in variables for interpolation as full objects like {{number}}. 0 @ https://console.twilio.com/46467.15018b3d3568a6e2.js:584
[  278533ms] [WARNING] react-i18next:: Trans: the passed in value is invalid - seems you passed in a variable like {number} - please pass in variables for interpolation as full objects like {{number}}. 0 @ https://console.twilio.com/46467.15018b3d3568a6e2.js:584
[  278536ms] [WARNING] react-i18next:: Trans: the passed in value is invalid - seems you passed in a variable like {number} - please pass in variables for interpolation as full objects like {{number}}. 0 @ https://console.twilio.com/46467.15018b3d3568a6e2.js:584
[  278540ms] [WARNING] react-i18next:: Trans: the passed in value is invalid - seems you passed in a variable like {number} - please pass in variables for interpolation as full objects like {{number}}. 0 @ https://console.twilio.com/46467.15018b3d3568a6e2.js:584
[  278547ms] [WARNING] react-i18next:: Trans: the passed in value is invalid - seems you passed in a variable like {number} - please pass in variables for interpolation as full objects like {{number}}. 0 @ https://console.twilio.com/46467.15018b3d3568a6e2.js:584
[  278554ms] [WARNING] react-i18next:: Trans: the passed in value is invalid - seems you passed in a variable like {number} - please pass in variables for interpolation as full objects like {{number}}. 0 @ https://console.twilio.com/46467.15018b3d3568a6e2.js:584
[  278560ms] [WARNING] react-i18next:: Trans: the passed in value is invalid - seems you passed in a variable like {number} - please pass in variables for interpolation as full objects like {{number}}. 0 @ https://console.twilio.com/46467.15018b3d3568a6e2.js:584
[  278565ms] [WARNING] react-i18next:: Trans: the passed in value is invalid - seems you passed in a variable like {number} - please pass in variables for interpolation as full objects like {{number}}. 0 @ https://console.twilio.com/46467.15018b3d3568a6e2.js:584
[  278572ms] [WARNING] react-i18next:: Trans: the passed in value is invalid - seems you passed in a variable like {number} - please pass in variables for interpolation as full objects like {{number}}. 0 @ https://console.twilio.com/46467.15018b3d3568a6e2.js:584
[  278577ms] [WARNING] react-i18next:: Trans: the passed in value is invalid - seems you passed in a variable like {number} - please pass in variables for interpolation as full objects like {{number}}. 0 @ https://console.twilio.com/46467.15018b3d3568a6e2.js:584
[  278581ms] [WARNING] react-i18next:: Trans: the passed in value is invalid - seems you passed in a variable like {number} - please pass in variables for interpolation as full objects like {{number}}. 0 @ https://console.twilio.com/46467.15018b3d3568a6e2.js:584
[  278586ms] [WARNING] react-i18next:: Trans: the passed in value is invalid - seems you passed in a variable like {number} - please pass in variables for interpolation as full objects like {{number}}. 0 @ https://console.twilio.com/46467.15018b3d3568a6e2.js:584
[  278593ms] [WARNING] react-i18next:: Trans: the passed in value is invalid - seems you passed in a variable like {number} - please pass in variables for interpolation as full objects like {{number}}. 0 @ https://console.twilio.com/46467.15018b3d3568a6e2.js:584
[  278598ms] [WARNING] react-i18next:: Trans: the passed in value is invalid - seems you passed in a variable like {number} - please pass in variables for interpolation as full objects like {{number}}. 0 @ https://console.twilio.com/46467.15018b3d3568a6e2.js:584
[  278602ms] [WARNING] react-i18next:: Trans: the passed in value is invalid - seems you passed in a variable like {number} - please pass in variables for interpolation as full objects like {{number}}. 0 @ https://console.twilio.com/46467.15018b3d3568a6e2.js:584
[  281451ms] [WARNING] react-i18next:: Trans: the passed in value is invalid - seems you passed in a variable like {number} - please pass in variables for interpolation as full objects like {{number}}. 0 @ https://console.twilio.com/46467.15018b3d3568a6e2.js:584
[  281454ms] [WARNING] react-i18next:: Trans: the passed in value is invalid - seems you passed in a variable like {number} - please pass in variables for interpolation as full objects like {{number}}. 0 @ https://console.twilio.com/46467.15018b3d3568a6e2.js:584
[  281458ms] [WARNING] react-i18next:: Trans: the passed in value is invalid - seems you passed in a variable like {number} - please pass in variables for interpolation as full objects like {{number}}. 0 @ https://console.twilio.com/46467.15018b3d3568a6e2.js:584
[  281461ms] [WARNING] react-i18next:: Trans: the passed in value is invalid - seems you passed in a variable like {number} - please pass in variables for interpolation as full objects like {{number}}. 0 @ https://console.twilio.com/46467.15018b3d3568a6e2.js:584
[  281464ms] [WARNING] react-i18next:: Trans: the passed in value is invalid - seems you passed in a variable like {number} - please pass in variables for interpolation as full objects like {{number}}. 0 @ https://console.twilio.com/46467.15018b3d3568a6e2.js:584
[  281466ms] [WARNING] react-i18next:: Trans: the passed in value is invalid - seems you passed in a variable like {number} - please pass in variables for interpolation as full objects like {{number}}. 0 @ https://console.twilio.com/46467.15018b3d3568a6e2.js:584
[  281470ms] [WARNING] react-i18next:: Trans: the passed in value is invalid - seems you passed in a variable like {number} - please pass in variables for interpolation as full objects like {{number}}. 0 @ https://console.twilio.com/46467.15018b3d3568a6e2.js:584
[  281472ms] [WARNING] react-i18next:: Trans: the passed in value is invalid - seems you passed in a variable like {number} - please pass in variables for interpolation as full objects like {{number}}. 0 @ https://console.twilio.com/46467.15018b3d3568a6e2.js:584
[  281476ms] [WARNING] react-i18next:: Trans: the passed in value is invalid - seems you passed in a variable like {number} - please pass in variables for interpolation as full objects like {{number}}. 0 @ https://console.twilio.com/46467.15018b3d3568a6e2.js:584
[  281479ms] [WARNING] react-i18next:: Trans: the passed in value is invalid - seems you passed in a variable like {number} - please pass in variables for interpolation as full objects like {{number}}. 0 @ https://console.twilio.com/46467.15018b3d3568a6e2.js:584
[  281482ms] [WARNING] react-i18next:: Trans: the passed in value is invalid - seems you passed in a variable like {number} - please pass in variables for interpolation as full objects like {{number}}. 0 @ https://console.twilio.com/46467.15018b3d3568a6e2.js:584
[  281485ms] [WARNING] react-i18next:: Trans: the passed in value is invalid - seems you passed in a variable like {number} - please pass in variables for interpolation as full objects like {{number}}. 0 @ https://console.twilio.com/46467.15018b3d3568a6e2.js:584
[  281487ms] [WARNING] react-i18next:: Trans: the passed in value is invalid - seems you passed in a variable like {number} - please pass in variables for interpolation as full objects like {{number}}. 0 @ https://console.twilio.com/46467.15018b3d3568a6e2.js:584
[  281493ms] [WARNING] react-i18next:: Trans: the passed in value is invalid - seems you passed in a variable like {number} - please pass in variables for interpolation as full objects like {{number}}. 0 @ https://console.twilio.com/46467.15018b3d3568a6e2.js:584
[  281502ms] [WARNING] react-i18next:: Trans: the passed in value is invalid - seems you passed in a variable like {number} - please pass in variables for interpolation as full objects like {{number}}. 0 @ https://console.twilio.com/46467.15018b3d3568a6e2.js:584
[  281511ms] [WARNING] react-i18next:: Trans: the passed in value is invalid - seems you passed in a variable like {number} - please pass in variables for interpolation as full objects like {{number}}. 0 @ https://console.twilio.com/46467.15018b3d3568a6e2.js:584
[  281519ms] [WARNING] react-i18next:: Trans: the passed in value is invalid - seems you passed in a variable like {number} - please pass in variables for interpolation as full objects like {{number}}. 0 @ https://console.twilio.com/46467.15018b3d3568a6e2.js:584
[  281526ms] [WARNING] react-i18next:: Trans: the passed in value is invalid - seems you passed in a variable like {number} - please pass in variables for interpolation as full objects like {{number}}. 0 @ https://console.twilio.com/46467.15018b3d3568a6e2.js:584
[  281535ms] [WARNING] react-i18next:: Trans: the passed in value is invalid - seems you passed in a variable like {number} - please pass in variables for interpolation as full objects like {{number}}. 0 @ https://console.twilio.com/46467.15018b3d3568a6e2.js:584
[  281549ms] [WARNING] react-i18next:: Trans: the passed in value is invalid - seems you passed in a variable like {number} - please pass in variables for interpolation as full objects like {{number}}. 0 @ https://console.twilio.com/46467.15018b3d3568a6e2.js:584
[  281556ms] [WARNING] react-i18next:: Trans: the passed in value is invalid - seems you passed in a variable like {number} - please pass in variables for interpolation as full objects like {{number}}. 0 @ https://console.twilio.com/46467.15018b3d3568a6e2.js:584
[  281564ms] [WARNING] react-i18next:: Trans: the passed in value is invalid - seems you passed in a variable like {number} - please pass in variables for interpolation as full objects like {{number}}. 0 @ https://console.twilio.com/46467.15018b3d3568a6e2.js:584
[  284043ms] [WARNING] react-i18next:: Trans: the passed in value is invalid - seems you passed in a variable like {number} - please pass in variables for interpolation as full objects like {{number}}. 0 @ https://console.twilio.com/46467.15018b3d3568a6e2.js:584
[  284046ms] [WARNING] react-i18next:: Trans: the passed in value is invalid - seems you passed in a variable like {number} - please pass in variables for interpolation as full objects like {{number}}. 0 @ https://console.twilio.com/46467.15018b3d3568a6e2.js:584
[  284049ms] [WARNING] react-i18next:: Trans: the passed in value is invalid - seems you passed in a variable like {number} - please pass in variables for interpolation as full objects like {{number}}. 0 @ https://console.twilio.com/46467.15018b3d3568a6e2.js:584
[  284052ms] [WARNING] react-i18next:: Trans: the passed in value is invalid - seems you passed in a variable like {number} - please pass in variables for interpolation as full objects like {{number}}. 0 @ https://console.twilio.com/46467.15018b3d3568a6e2.js:584
[  284054ms] [WARNING] react-i18next:: Trans: the passed in value is invalid - seems you passed in a variable like {number} - please pass in variables for interpolation as full objects like {{number}}. 0 @ https://console.twilio.com/46467.15018b3d3568a6e2.js:584
[  284060ms] [WARNING] react-i18next:: Trans: the passed in value is invalid - seems you passed in a variable like {number} - please pass in variables for interpolation as full objects like {{number}}. 0 @ https://console.twilio.com/46467.15018b3d3568a6e2.js:584
[  284063ms] [WARNING] react-i18next:: Trans: the passed in value is invalid - seems you passed in a variable like {number} - please pass in variables for interpolation as full objects like {{number}}. 0 @ https://console.twilio.com/46467.15018b3d3568a6e2.js:584
[  284067ms] [WARNING] react-i18next:: Trans: the passed in value is invalid - seems you passed in a variable like {number} - please pass in variables for interpolation as full objects like {{number}}. 0 @ https://console.twilio.com/46467.15018b3d3568a6e2.js:584
[  284070ms] [WARNING] react-i18next:: Trans: the passed in value is invalid - seems you passed in a variable like {number} - please pass in variables for interpolation as full objects like {{number}}. 0 @ https://console.twilio.com/46467.15018b3d3568a6e2.js:584
[  284073ms] [WARNING] react-i18next:: Trans: the passed in value is invalid - seems you passed in a variable like {number} - please pass in variables for interpolation as full objects like {{number}}. 0 @ https://console.twilio.com/46467.15018b3d3568a6e2.js:584
[  284076ms] [WARNING] react-i18next:: Trans: the passed in value is invalid - seems you passed in a variable like {number} - please pass in variables for interpolation as full objects like {{number}}. 0 @ https://console.twilio.com/46467.15018b3d3568a6e2.js:584
[  284080ms] [WARNING] react-i18next:: Trans: the passed in value is invalid - seems you passed in a variable like {number} - please pass in variables for interpolation as full objects like {{number}}. 0 @ https://console.twilio.com/46467.15018b3d3568a6e2.js:584
[  284083ms] [WARNING] react-i18next:: Trans: the passed in value is invalid - seems you passed in a variable like {number} - please pass in variables for interpolation as full objects like {{number}}. 0 @ https://console.twilio.com/46467.15018b3d3568a6e2.js:584
[  284088ms] [WARNING] react-i18next:: Trans: the passed in value is invalid - seems you passed in a variable like {number} - please pass in variables for interpolation as full objects like {{number}}. 0 @ https://console.twilio.com/46467.15018b3d3568a6e2.js:584
[  284094ms] [WARNING] react-i18next:: Trans: the passed in value is invalid - seems you passed in a variable like {number} - please pass in variables for interpolation as full objects like {{number}}. 0 @ https://console.twilio.com/46467.15018b3d3568a6e2.js:584
[  284102ms] [WARNING] react-i18next:: Trans: the passed in value is invalid - seems you passed in a variable like {number} - please pass in variables for interpolation as full objects like {{number}}. 0 @ https://console.twilio.com/46467.15018b3d3568a6e2.js:584
[  284109ms] [WARNING] react-i18next:: Trans: the passed in value is invalid - seems you passed in a variable like {number} - please pass in variables for interpolation as full objects like {{number}}. 0 @ https://console.twilio.com/46467.15018b3d3568a6e2.js:584
[  284115ms] [WARNING] react-i18next:: Trans: the passed in value is invalid - seems you passed in a variable like {number} - please pass in variables for interpolation as full objects like {{number}}. 0 @ https://console.twilio.com/46467.15018b3d3568a6e2.js:584
[  284122ms] [WARNING] react-i18next:: Trans: the passed in value is invalid - seems you passed in a variable like {number} - please pass in variables for interpolation as full objects like {{number}}. 0 @ https://console.twilio.com/46467.15018b3d3568a6e2.js:584
[  284125ms] [WARNING] react-i18next:: Trans: the passed in value is invalid - seems you passed in a variable like {number} - please pass in variables for interpolation as full objects like {{number}}. 0 @ https://console.twilio.com/46467.15018b3d3568a6e2.js:584
[  284129ms] [WARNING] react-i18next:: Trans: the passed in value is invalid - seems you passed in a variable like {number} - please pass in variables for interpolation as full objects like {{number}}. 0 @ https://console.twilio.com/46467.15018b3d3568a6e2.js:584
[  284133ms] [WARNING] react-i18next:: Trans: the passed in value is invalid - seems you passed in a variable like {number} - please pass in variables for interpolation as full objects like {{number}}. 0 @ https://console.twilio.com/46467.15018b3d3568a6e2.js:584
[  284301ms] [WARNING] react-i18next:: Trans: the passed in value is invalid - seems you passed in a variable like {number} - please pass in variables for interpolation as full objects like {{number}}. 0 @ https://console.twilio.com/46467.15018b3d3568a6e2.js:584
[  284308ms] [WARNING] react-i18next:: Trans: the passed in value is invalid - seems you passed in a variable like {number} - please pass in variables for interpolation as full objects like {{number}}. 0 @ https://console.twilio.com/46467.15018b3d3568a6e2.js:584
[  284319ms] [WARNING] react-i18next:: Trans: the passed in value is invalid - seems you passed in a variable like {number} - please pass in variables for interpolation as full objects like {{number}}. 0 @ https://console.twilio.com/46467.15018b3d3568a6e2.js:584
[  284328ms] [WARNING] react-i18next:: Trans: the passed in value is invalid - seems you passed in a variable like {number} - please pass in variables for interpolation as full objects like {{number}}. 0 @ https://console.twilio.com/46467.15018b3d3568a6e2.js:584
[  284332ms] [WARNING] react-i18next:: Trans: the passed in value is invalid - seems you passed in a variable like {number} - please pass in variables for interpolation as full objects like {{number}}. 0 @ https://console.twilio.com/46467.15018b3d3568a6e2.js:584
[  284349ms] [WARNING] react-i18next:: Trans: the passed in value is invalid - seems you passed in a variable like {number} - please pass in variables for interpolation as full objects like {{number}}. 0 @ https://console.twilio.com/46467.15018b3d3568a6e2.js:584
[  284354ms] [WARNING] react-i18next:: Trans: the passed in value is invalid - seems you passed in a variable like {number} - please pass in variables for interpolation as full objects like {{number}}. 0 @ https://console.twilio.com/46467.15018b3d3568a6e2.js:584
[  284367ms] [WARNING] react-i18next:: Trans: the passed in value is invalid - seems you passed in a variable like {number} - please pass in variables for interpolation as full objects like {{number}}. 0 @ https://console.twilio.com/46467.15018b3d3568a6e2.js:584
[  284377ms] [WARNING] react-i18next:: Trans: the passed in value is invalid - seems you passed in a variable like {number} - please pass in variables for interpolation as full objects like {{number}}. 0 @ https://console.twilio.com/46467.15018b3d3568a6e2.js:584
[  284387ms] [WARNING] react-i18next:: Trans: the passed in value is invalid - seems you passed in a variable like {number} - please pass in variables for interpolation as full objects like {{number}}. 0 @ https://console.twilio.com/46467.15018b3d3568a6e2.js:584
[  284399ms] [WARNING] react-i18next:: Trans: the passed in value is invalid - seems you passed in a variable like {number} - please pass in variables for interpolation as full objects like {{number}}. 0 @ https://console.twilio.com/46467.15018b3d3568a6e2.js:584
[  284406ms] [WARNING] react-i18next:: Trans: the passed in value is invalid - seems you passed in a variable like {number} - please pass in variables for interpolation as full objects like {{number}}. 0 @ https://console.twilio.com/46467.15018b3d3568a6e2.js:584
[  284411ms] [WARNING] react-i18next:: Trans: the passed in value is invalid - seems you passed in a variable like {number} - please pass in variables for interpolation as full objects like {{number}}. 0 @ https://console.twilio.com/46467.15018b3d3568a6e2.js:584
[  284419ms] [WARNING] react-i18next:: Trans: the passed in value is invalid - seems you passed in a variable like {number} - please pass in variables for interpolation as full objects like {{number}}. 0 @ https://console.twilio.com/46467.15018b3d3568a6e2.js:584
[  284426ms] [WARNING] react-i18next:: Trans: the passed in value is invalid - seems you passed in a variable like {number} - please pass in variables for interpolation as full objects like {{number}}. 0 @ https://console.twilio.com/46467.15018b3d3568a6e2.js:584
[  284433ms] [WARNING] react-i18next:: Trans: the passed in value is invalid - seems you passed in a variable like {number} - please pass in variables for interpolation as full objects like {{number}}. 0 @ https://console.twilio.com/46467.15018b3d3568a6e2.js:584
[  284443ms] [WARNING] react-i18next:: Trans: the passed in value is invalid - seems you passed in a variable like {number} - please pass in variables for interpolation as full objects like {{number}}. 0 @ https://console.twilio.com/46467.15018b3d3568a6e2.js:584
[  284447ms] [WARNING] react-i18next:: Trans: the passed in value is invalid - seems you passed in a variable like {number} - please pass in variables for interpolation as full objects like {{number}}. 0 @ https://console.twilio.com/46467.15018b3d3568a6e2.js:584
[  284452ms] [WARNING] react-i18next:: Trans: the passed in value is invalid - seems you passed in a variable like {number} - please pass in variables for interpolation as full objects like {{number}}. 0 @ https://console.twilio.com/46467.15018b3d3568a6e2.js:584
[  284457ms] [WARNING] react-i18next:: Trans: the passed in value is invalid - seems you passed in a variable like {number} - please pass in variables for interpolation as full objects like {{number}}. 0 @ https://console.twilio.com/46467.15018b3d3568a6e2.js:584
[  284464ms] [WARNING] react-i18next:: Trans: the passed in value is invalid - seems you passed in a variable like {number} - please pass in variables for interpolation as full objects like {{number}}. 0 @ https://console.twilio.com/46467.15018b3d3568a6e2.js:584
[  284473ms] [WARNING] react-i18next:: Trans: the passed in value is invalid - seems you passed in a variable like {number} - please pass in variables for interpolation as full objects like {{number}}. 0 @ https://console.twilio.com/46467.15018b3d3568a6e2.js:584
[  289922ms] [WARNING] No processSignal function found. Have you written a processSignal function on app.segment.com? @ https://console.twilio.com/46467.15018b3d3568a6e2.js:33
[  290031ms] [LOG] Successfully initialized Amplitude Session Replay @ https://console.twilio.com/46467.15018b3d3568a6e2.js:676
[  290109ms] [LOG] Amplitude Experiment SDK initialized successfully. @ https://console.twilio.com/46467.15018b3d3568a6e2.js:676
[  294104ms] [WARNING] No processSignal function found. Have you written a processSignal function on app.segment.com? @ https://console.twilio.com/46467.15018b3d3568a6e2.js:33
[  294225ms] [LOG] Successfully initialized Amplitude Session Replay @ https://console.twilio.com/46467.15018b3d3568a6e2.js:676
[  294265ms] [LOG] Amplitude Experiment SDK initialized successfully. @ https://console.twilio.com/46467.15018b3d3568a6e2.js:676
[  297044ms] [WARNING] No processSignal function found. Have you written a processSignal function on app.segment.com? @ https://console.twilio.com/46467.15018b3d3568a6e2.js:33
[  297159ms] [LOG] Successfully initialized Amplitude Session Replay @ https://console.twilio.com/46467.15018b3d3568a6e2.js:676
[  297192ms] [LOG] Amplitude Experiment SDK initialized successfully. @ https://console.twilio.com/46467.15018b3d3568a6e2.js:676
[  303910ms] [LOG] Successfully initialized Amplitude Guides and Surveys @ https://console.twilio.com/46467.15018b3d3568a6e2.js:676
[  304099ms] [LOG] Successfully booted Amplitude Guides and Surveys @ https://console.twilio.com/46467.15018b3d3568a6e2.js:676
[  304137ms] [LOG] Successfully initialized Amplitude Session Replay @ https://console.twilio.com/46467.15018b3d3568a6e2.js:676
[  306601ms] [LOG] Successfully booted Amplitude Guides and Surveys @ https://console.twilio.com/46467.15018b3d3568a6e2.js:676
[  306751ms] [WARNING] WS Not Connected @ https://console.twilio.com/46467.15018b3d3568a6e2.js:33
[  310183ms] [WARNING] Error converting to text AbortError: The user aborted a request. Response @ https://console.twilio.com/46467.15018b3d3568a6e2.js:18
[  310620ms] [WARNING] Amplitude Engagement Logger [Warn]: User already booted, ignoring additional boot call. Call shutdown first if you want to boot a different user. @ https://d17rzb4tinrpmf.cloudfront.net/engagement-browser/prod/split/2d478da3f712989100ed9c93f917366917176f65-chunk-QDOMPRCS.js:12
[  310621ms] [LOG] Successfully booted Amplitude Guides and Surveys @ https://console.twilio.com/46467.15018b3d3568a6e2.js:676
[  310635ms] [WARNING] Amplitude Engagement Logger [Warn]: User already booted, ignoring additional boot call. Call shutdown first if you want to boot a different user. @ https://d17rzb4tinrpmf.cloudfront.net/engagement-browser/prod/split/2d478da3f712989100ed9c93f917366917176f65-chunk-QDOMPRCS.js:12
[  310636ms] [LOG] Successfully booted Amplitude Guides and Surveys @ https://console.twilio.com/46467.15018b3d3568a6e2.js:676
[  310669ms] [WARNING] Amplitude Engagement Logger [Warn]: User already booted, ignoring additional boot call. Call shutdown first if you want to boot a different user. @ https://d17rzb4tinrpmf.cloudfront.net/engagement-browser/prod/split/2d478da3f712989100ed9c93f917366917176f65-chunk-QDOMPRCS.js:12
[  310669ms] [LOG] Successfully booted Amplitude Guides and Surveys @ https://console.twilio.com/46467.15018b3d3568a6e2.js:676
[  310730ms] [WARNING] Error converting to text AbortError: The user aborted a request. Response @ https://console.twilio.com/46467.15018b3d3568a6e2.js:18
[  313628ms] [WARNING] Amplitude experiment client is not initialized, returning fallback value. @ https://1console.twilio.com/console-core/1.2701.0/assets/entry.client-DIsbu8B0.js:0
[  313629ms] [WARNING] Amplitude experiment client is not initialized, returning fallback value. @ https://1console.twilio.com/console-core/1.2701.0/assets/entry.client-DIsbu8B0.js:0
[  313629ms] [WARNING] Amplitude experiment client is not initialized, returning fallback value. @ https://1console.twilio.com/console-core/1.2701.0/assets/entry.client-DIsbu8B0.js:0
[  313629ms] [WARNING] Session Reverification: false, Idle Activity Tracking: false, ID SDK Debug Mode: false @ https://1console.twilio.com/console-core/1.2701.0/assets/entry.client-DIsbu8B0.js:0
[  313740ms] [WARNING] Amplitude experiment client is not initialized, returning fallback value. @ https://1console.twilio.com/console-core/1.2701.0/assets/entry.client-DIsbu8B0.js:0
[  313740ms] [WARNING] Amplitude experiment client is not initialized, returning fallback value. @ https://1console.twilio.com/console-core/1.2701.0/assets/entry.client-DIsbu8B0.js:0
[  313740ms] [WARNING] Amplitude experiment client is not initialized, returning fallback value. @ https://1console.twilio.com/console-core/1.2701.0/assets/entry.client-DIsbu8B0.js:0
[  313741ms] [WARNING] Session Reverification: false, Idle Activity Tracking: false, ID SDK Debug Mode: false @ https://1console.twilio.com/console-core/1.2701.0/assets/entry.client-DIsbu8B0.js:0
[  313748ms] [LOG] Amplitude Experiment SDK initialized successfully. @ https://1console.twilio.com/console-core/1.2701.0/assets/telemetry-BZRXCuZs.js:0
[  313805ms] [WARNING] Session Reverification: true, Idle Activity Tracking: true, ID SDK Debug Mode: false @ https://1console.twilio.com/console-core/1.2701.0/assets/entry.client-DIsbu8B0.js:0
[  315304ms] [WARNING] Session Reverification: true, Idle Activity Tracking: true, ID SDK Debug Mode: false @ https://1console.twilio.com/console-core/1.2701.0/assets/entry.client-DIsbu8B0.js:0
[  318179ms] [LOG] Successfully initialized Amplitude Guides and Surveys @ https://1console.twilio.com/console-core/1.2701.0/assets/telemetry-BZRXCuZs.js:0
[  318287ms] [LOG] Successfully initialized Amplitude Session Replay @ https://1console.twilio.com/console-core/1.2701.0/assets/telemetry-BZRXCuZs.js:2
[  318320ms] [LOG] Successfully booted Amplitude Guides and Surveys @ https://1console.twilio.com/console-core/1.2701.0/assets/telemetry-BZRXCuZs.js:0
[  319078ms] [ERROR] _e {location: Object, params: Object, pattern: /} @ https://1console.twilio.com/console-core/1.2701.0/assets/instance-B4IyDd0_.js:8
[  319388ms] [WARNING] Session Reverification: true, Idle Activity Tracking: true, ID SDK Debug Mode: false @ https://1console.twilio.com/console-core/1.2701.0/assets/entry.client-DIsbu8B0.js:0
[  319705ms] [LOG] Successfully booted Amplitude Guides and Surveys @ https://1console.twilio.com/console-core/1.2701.0/assets/telemetry-BZRXCuZs.js:139
[  320294ms] [WARNING] Amplitude experiment client is not initialized, returning fallback value. @ https://1console.twilio.com/console-core/1.2701.0/assets/entry.client-DIsbu8B0.js:0
[  320294ms] [WARNING] Amplitude experiment client is not initialized, returning fallback value. @ https://1console.twilio.com/console-core/1.2701.0/assets/entry.client-DIsbu8B0.js:0
[  320294ms] [WARNING] Amplitude experiment client is not initialized, returning fallback value. @ https://1console.twilio.com/console-core/1.2701.0/assets/entry.client-DIsbu8B0.js:0
[  320294ms] [WARNING] Session Reverification: false, Idle Activity Tracking: false, ID SDK Debug Mode: false @ https://1console.twilio.com/console-core/1.2701.0/assets/entry.client-DIsbu8B0.js:0
[  320370ms] [WARNING] Amplitude experiment client is not initialized, returning fallback value. @ https://1console.twilio.com/console-core/1.2701.0/assets/entry.client-DIsbu8B0.js:0
[  320370ms] [WARNING] Amplitude experiment client is not initialized, returning fallback value. @ https://1console.twilio.com/console-core/1.2701.0/assets/entry.client-DIsbu8B0.js:0
[  320370ms] [WARNING] Amplitude experiment client is not initialized, returning fallback value. @ https://1console.twilio.com/console-core/1.2701.0/assets/entry.client-DIsbu8B0.js:0
[  320371ms] [WARNING] Session Reverification: false, Idle Activity Tracking: false, ID SDK Debug Mode: false @ https://1console.twilio.com/console-core/1.2701.0/assets/entry.client-DIsbu8B0.js:0
[  320371ms] [LOG] Amplitude Experiment SDK initialized successfully. @ https://1console.twilio.com/console-core/1.2701.0/assets/telemetry-BZRXCuZs.js:0
[  320375ms] [WARNING] Session Reverification: true, Idle Activity Tracking: true, ID SDK Debug Mode: false @ https://1console.twilio.com/console-core/1.2701.0/assets/entry.client-DIsbu8B0.js:0
[  320705ms] [WARNING] Amplitude Engagement Logger [Warn]: User already booted, ignoring additional boot call. Call shutdown first if you want to boot a different user. @ https://1console.twilio.com/console-core/1.2701.0/assets/entry.client-DIsbu8B0.js:0
[  320707ms] [WARNING] Session Reverification: true, Idle Activity Tracking: true, ID SDK Debug Mode: false @ https://1console.twilio.com/console-core/1.2701.0/assets/entry.client-DIsbu8B0.js:0
[  322165ms] [LOG] Engagement SDK has already been initialized. Ignoring additional init call. @ https://1console.twilio.com/console-core/1.2701.0/assets/telemetry-BZRXCuZs.js:0
[  322167ms] [LOG] Successfully initialized Amplitude Guides and Surveys @ https://1console.twilio.com/console-core/1.2701.0/assets/telemetry-BZRXCuZs.js:0
[  322251ms] [LOG] Successfully initialized Amplitude Session Replay @ https://1console.twilio.com/console-core/1.2701.0/assets/telemetry-BZRXCuZs.js:2
[  322292ms] [WARNING] Amplitude Engagement Logger [Warn]: User already booted, ignoring additional boot call. Call shutdown first if you want to boot a different user. @ https://1console.twilio.com/console-core/1.2701.0/assets/entry.client-DIsbu8B0.js:0
[  322293ms] [LOG] Successfully booted Amplitude Guides and Surveys @ https://1console.twilio.com/console-core/1.2701.0/assets/telemetry-BZRXCuZs.js:0
[  322624ms] [WARNING] Session Reverification: true, Idle Activity Tracking: true, ID SDK Debug Mode: false @ https://1console.twilio.com/console-core/1.2701.0/assets/entry.client-DIsbu8B0.js:0
[  322673ms] [WARNING] Amplitude Engagement Logger [Warn]: User already booted, ignoring additional boot call. Call shutdown first if you want to boot a different user. @ https://1console.twilio.com/console-core/1.2701.0/assets/entry.client-DIsbu8B0.js:0
[  322674ms] [LOG] Successfully booted Amplitude Guides and Surveys @ https://1console.twilio.com/console-core/1.2701.0/assets/telemetry-BZRXCuZs.js:139
[  322949ms] [WARNING] Session Reverification: true, Idle Activity Tracking: true, ID SDK Debug Mode: false @ https://1console.twilio.com/console-core/1.2701.0/assets/entry.client-DIsbu8B0.js:0
[  405583ms] [WARNING] No processSignal function found. Have you written a processSignal function on app.segment.com? @ https://console.twilio.com/46467.15018b3d3568a6e2.js:33
[  405843ms] [LOG] Successfully initialized Amplitude Session Replay @ https://console.twilio.com/46467.15018b3d3568a6e2.js:676
[  405926ms] [LOG] Amplitude Experiment SDK initialized successfully. @ https://console.twilio.com/46467.15018b3d3568a6e2.js:676
[  413276ms] [WARNING] WS Not Connected @ https://console.twilio.com/46467.15018b3d3568a6e2.js:33
[  415371ms] [WARNING] WebSocket connection to 'wss://tsock.twilio.com/v3/wsconnect' failed: WebSocket is closed before the connection is established. @ https://console.twilio.com/88766.c1ea06bb4b3587f4.js:2
[  415424ms] [LOG] Successfully initialized Amplitude Guides and Surveys @ https://console.twilio.com/46467.15018b3d3568a6e2.js:676
[  416485ms] [LOG] Successfully initialized Amplitude Session Replay @ https://console.twilio.com/46467.15018b3d3568a6e2.js:676
[  416486ms] [LOG] Successfully booted Amplitude Guides and Surveys @ https://console.twilio.com/46467.15018b3d3568a6e2.js:676
[  417187ms] [WARNING] Error converting to text AbortError: The user aborted a request. Response @ https://console.twilio.com/46467.15018b3d3568a6e2.js:18
[  417197ms] [LOG] Successfully booted Amplitude Guides and Surveys @ https://console.twilio.com/46467.15018b3d3568a6e2.js:676
[  418740ms] [LOG] Successfully booted Amplitude Guides and Surveys @ https://console.twilio.com/46467.15018b3d3568a6e2.js:676
[  419090ms] [WARNING] Error converting to text AbortError: The user aborted a request. Response @ https://console.twilio.com/46467.15018b3d3568a6e2.js:18
[  421274ms] [WARNING] Error converting to text AbortError: The user aborted a request. Response @ https://console.twilio.com/46467.15018b3d3568a6e2.js:18
[  421470ms] [WARNING] Amplitude Engagement Logger [Warn]: User already booted, ignoring additional boot call. Call shutdown first if you want to boot a different user. @ https://d17rzb4tinrpmf.cloudfront.net/engagement-browser/prod/split/2d478da3f712989100ed9c93f917366917176f65-chunk-QDOMPRCS.js:12
[  421471ms] [LOG] Successfully booted Amplitude Guides and Surveys @ https://console.twilio.com/46467.15018b3d3568a6e2.js:676
[  421539ms] [WARNING] Amplitude Engagement Logger [Warn]: User already booted, ignoring additional boot call. Call shutdown first if you want to boot a different user. @ https://d17rzb4tinrpmf.cloudfront.net/engagement-browser/prod/split/2d478da3f712989100ed9c93f917366917176f65-chunk-QDOMPRCS.js:12
[  421539ms] [LOG] Successfully booted Amplitude Guides and Surveys @ https://console.twilio.com/46467.15018b3d3568a6e2.js:676
[  423187ms] [ERROR] Failed to load resource: the server responded with a status of 404 () @ https://www.twilio.com/nova/api/v2/verified-caller-id?:0
[  423616ms] [WARNING] Amplitude Engagement Logger [Warn]: User already booted, ignoring additional boot call. Call shutdown first if you want to boot a different user. @ https://d17rzb4tinrpmf.cloudfront.net/engagement-browser/prod/split/2d478da3f712989100ed9c93f917366917176f65-chunk-QDOMPRCS.js:12
[  423616ms] [WARNING] Amplitude Engagement Logger [Warn]: User already booted, ignoring additional boot call. Call shutdown first if you want to boot a different user. @ https://d17rzb4tinrpmf.cloudfront.net/engagement-browser/prod/split/2d478da3f712989100ed9c93f917366917176f65-chunk-QDOMPRCS.js:12
[  423943ms] [WARNING] Error converting to text AbortError: The user aborted a request. Response @ https://console.twilio.com/46467.15018b3d3568a6e2.js:18
[  423979ms] [VERBOSE] [DOM] Password field is not contained in a form: (More info: https://goo.gl/9p2vKq) @ https://console.twilio.com/?overrideTreatment=post-signup-dev&selectedTab=dynamic:0
[  424722ms] [ERROR] Failed to load resource: the server responded with a status of 403 () @ https://www.twilio.com/console/studio/api/flows?PageSize=100:0
[  424726ms] [ERROR] Error fetching studio flows SyntaxError: Unexpected token 'T', "Trial acco"... is not valid JSON @ https://console.twilio.com/46467.15018b3d3568a6e2.js:0
[  496445ms] [ERROR] Failed to load resource: the server responded with a status of 404 () @ https://www.twilio.com/nova/api/v2/verified-caller-id:0
[  497964ms] [ERROR] Failed to load resource: the server responded with a status of 404 () @ https://www.twilio.com/nova/api/v2/verified-caller-id:0
[  500478ms] [ERROR] Failed to load resource: the server responded with a status of 404 () @ https://www.twilio.com/nova/api/v2/verified-caller-id:0
[  505540ms] [ERROR] Failed to load resource: the server responded with a status of 404 () @ https://www.twilio.com/nova/api/v2/verified-caller-id:0
