[    1795ms] [WARNING] No processSignal function found. Have you written a processSignal function on app.segment.com? @ https://console.twilio.com/46467.15018b3d3568a6e2.js:33
[    2197ms] [LOG] Successfully initialized Amplitude Session Replay @ https://console.twilio.com/46467.15018b3d3568a6e2.js:676
[    2296ms] [LOG] Amplitude Experiment SDK initialized successfully. @ https://console.twilio.com/46467.15018b3d3568a6e2.js:676
[    5813ms] [WARNING] WS Not Connected @ https://console.twilio.com/46467.15018b3d3568a6e2.js:33
[    8024ms] [LOG] Successfully initialized Amplitude Guides and Surveys @ https://console.twilio.com/46467.15018b3d3568a6e2.js:676
[    8274ms] [LOG] Successfully initialized Amplitude Session Replay @ https://console.twilio.com/46467.15018b3d3568a6e2.js:676
[    8275ms] [LOG] Successfully booted Amplitude Guides and Surveys @ https://console.twilio.com/46467.15018b3d3568a6e2.js:676
[    9349ms] [LOG] Successfully booted Amplitude Guides and Surveys @ https://console.twilio.com/46467.15018b3d3568a6e2.js:676
[   10407ms] [LOG] Successfully booted Amplitude Guides and Surveys @ https://console.twilio.com/46467.15018b3d3568a6e2.js:676
[   13063ms] [WARNING] Error converting to text AbortError: The user aborted a request. Response @ https://console.twilio.com/46467.15018b3d3568a6e2.js:18
[   13070ms] [WARNING] Error converting to text AbortError: The user aborted a request. Response @ https://console.twilio.com/46467.15018b3d3568a6e2.js:18
[   13236ms] [WARNING] Error converting to text AbortError: The user aborted a request. Response @ https://console.twilio.com/46467.15018b3d3568a6e2.js:18
[   13346ms] [WARNING] Error converting to text AbortError: The user aborted a request. Response @ https://console.twilio.com/46467.15018b3d3568a6e2.js:18
[   17831ms] [WARNING] Amplitude experiment client is not initialized, returning fallback value. @ https://1console.twilio.com/console-core/1.2701.0/assets/entry.client-DIsbu8B0.js:0
[   17833ms] [WARNING] Amplitude experiment client is not initialized, returning fallback value. @ https://1console.twilio.com/console-core/1.2701.0/assets/entry.client-DIsbu8B0.js:0
[   17834ms] [WARNING] Amplitude experiment client is not initialized, returning fallback value. @ https://1console.twilio.com/console-core/1.2701.0/assets/entry.client-DIsbu8B0.js:0
[   17835ms] [WARNING] Session Reverification: false, Idle Activity Tracking: false, ID SDK Debug Mode: false @ https://1console.twilio.com/console-core/1.2701.0/assets/entry.client-DIsbu8B0.js:0
[   17892ms] [WARNING] Amplitude experiment client is not initialized, returning fallback value. @ https://1console.twilio.com/console-core/1.2701.0/assets/entry.client-DIsbu8B0.js:0
[   17893ms] [WARNING] Amplitude experiment client is not initialized, returning fallback value. @ https://1console.twilio.com/console-core/1.2701.0/assets/entry.client-DIsbu8B0.js:0
[   17893ms] [WARNING] Amplitude experiment client is not initialized, returning fallback value. @ https://1console.twilio.com/console-core/1.2701.0/assets/entry.client-DIsbu8B0.js:0
[   17893ms] [WARNING] Session Reverification: false, Idle Activity Tracking: false, ID SDK Debug Mode: false @ https://1console.twilio.com/console-core/1.2701.0/assets/entry.client-DIsbu8B0.js:0
[   17918ms] [LOG] Amplitude Experiment SDK initialized successfully. @ https://1console.twilio.com/console-core/1.2701.0/assets/telemetry-BZRXCuZs.js:0
[   17960ms] [WARNING] Session Reverification: true, Idle Activity Tracking: true, ID SDK Debug Mode: false @ https://1console.twilio.com/console-core/1.2701.0/assets/entry.client-DIsbu8B0.js:0
[   18684ms] [WARNING] Session Reverification: true, Idle Activity Tracking: true, ID SDK Debug Mode: false @ https://1console.twilio.com/console-core/1.2701.0/assets/entry.client-DIsbu8B0.js:0
[   19695ms] [LOG] Successfully initialized Amplitude Guides and Surveys @ https://1console.twilio.com/console-core/1.2701.0/assets/telemetry-BZRXCuZs.js:0
[   19842ms] [LOG] Successfully initialized Amplitude Session Replay @ https://1console.twilio.com/console-core/1.2701.0/assets/telemetry-BZRXCuZs.js:2
[   19902ms] [LOG] Successfully booted Amplitude Guides and Surveys @ https://1console.twilio.com/console-core/1.2701.0/assets/telemetry-BZRXCuZs.js:0
[   21332ms] [WARNING] Session Reverification: true, Idle Activity Tracking: true, ID SDK Debug Mode: false @ https://1console.twilio.com/console-core/1.2701.0/assets/entry.client-DIsbu8B0.js:0
[   21458ms] [LOG] Successfully booted Amplitude Guides and Surveys @ https://1console.twilio.com/console-core/1.2701.0/assets/telemetry-BZRXCuZs.js:139
[   23153ms] [WARNING] Amplitude experiment client is not initialized, returning fallback value. @ https://1console.twilio.com/console-core/1.2701.0/assets/entry.client-DIsbu8B0.js:0
[   23153ms] [WARNING] Amplitude experiment client is not initialized, returning fallback value. @ https://1console.twilio.com/console-core/1.2701.0/assets/entry.client-DIsbu8B0.js:0
[   23154ms] [WARNING] Amplitude experiment client is not initialized, returning fallback value. @ https://1console.twilio.com/console-core/1.2701.0/assets/entry.client-DIsbu8B0.js:0
[   23154ms] [WARNING] Session Reverification: false, Idle Activity Tracking: false, ID SDK Debug Mode: false @ https://1console.twilio.com/console-core/1.2701.0/assets/entry.client-DIsbu8B0.js:0
[   23195ms] [WARNING] Amplitude experiment client is not initialized, returning fallback value. @ https://1console.twilio.com/console-core/1.2701.0/assets/entry.client-DIsbu8B0.js:0
[   23196ms] [WARNING] Amplitude experiment client is not initialized, returning fallback value. @ https://1console.twilio.com/console-core/1.2701.0/assets/entry.client-DIsbu8B0.js:0
[   23196ms] [WARNING] Amplitude experiment client is not initialized, returning fallback value. @ https://1console.twilio.com/console-core/1.2701.0/assets/entry.client-DIsbu8B0.js:0
[   23196ms] [WARNING] Session Reverification: false, Idle Activity Tracking: false, ID SDK Debug Mode: false @ https://1console.twilio.com/console-core/1.2701.0/assets/entry.client-DIsbu8B0.js:0
[   23200ms] [LOG] Amplitude Experiment SDK initialized successfully. @ https://1console.twilio.com/console-core/1.2701.0/assets/telemetry-BZRXCuZs.js:0
[   23215ms] [WARNING] Session Reverification: true, Idle Activity Tracking: true, ID SDK Debug Mode: false @ https://1console.twilio.com/console-core/1.2701.0/assets/entry.client-DIsbu8B0.js:0
[   23633ms] [WARNING] Session Reverification: true, Idle Activity Tracking: true, ID SDK Debug Mode: false @ https://1console.twilio.com/console-core/1.2701.0/assets/entry.client-DIsbu8B0.js:0
[   26302ms] [LOG] Successfully initialized Amplitude Guides and Surveys @ https://1console.twilio.com/console-core/1.2701.0/assets/telemetry-BZRXCuZs.js:0
[   26537ms] [LOG] Successfully initialized Amplitude Session Replay @ https://1console.twilio.com/console-core/1.2701.0/assets/telemetry-BZRXCuZs.js:2
[   26600ms] [LOG] Successfully booted Amplitude Guides and Surveys @ https://1console.twilio.com/console-core/1.2701.0/assets/telemetry-BZRXCuZs.js:0
[   27662ms] [WARNING] Session Reverification: true, Idle Activity Tracking: true, ID SDK Debug Mode: false @ https://1console.twilio.com/console-core/1.2701.0/assets/entry.client-DIsbu8B0.js:0
[   27746ms] [LOG] Successfully booted Amplitude Guides and Surveys @ https://1console.twilio.com/console-core/1.2701.0/assets/telemetry-BZRXCuZs.js:139
[   27991ms] [WARNING] Session Reverification: true, Idle Activity Tracking: true, ID SDK Debug Mode: false @ https://1console.twilio.com/console-core/1.2701.0/assets/entry.client-DIsbu8B0.js:0
[   31545ms] [INFO] Setting 1C-CZ global accountSid from undefined to AC3b580fc2c81d695e8395ccc5d863e007. @ https://1console.twilio.com/console-core/1.2701.0/assets/telemetry-BZRXCuZs.js:139
[   31552ms] [WARNING] Session Reverification: true, Idle Activity Tracking: true, ID SDK Debug Mode: false @ https://1console.twilio.com/console-core/1.2701.0/assets/entry.client-DIsbu8B0.js:0
[   31967ms] [WARNING] Session Reverification: true, Idle Activity Tracking: true, ID SDK Debug Mode: false @ https://1console.twilio.com/console-core/1.2701.0/assets/entry.client-DIsbu8B0.js:0
[   31971ms] [WARNING] Session Reverification: true, Idle Activity Tracking: true, ID SDK Debug Mode: false @ https://1console.twilio.com/console-core/1.2701.0/assets/entry.client-DIsbu8B0.js:0
[   33012ms] [WARNING] Session Reverification: true, Idle Activity Tracking: true, ID SDK Debug Mode: false @ https://1console.twilio.com/console-core/1.2701.0/assets/entry.client-DIsbu8B0.js:0
[   33099ms] [WARNING] Amplitude Engagement Logger [Warn]: User already booted, ignoring additional boot call. Call shutdown first if you want to boot a different user. @ https://1console.twilio.com/console-core/1.2701.0/assets/entry.client-DIsbu8B0.js:0
[   33104ms] [LOG] Successfully booted Amplitude Guides and Surveys @ https://1console.twilio.com/console-core/1.2701.0/assets/telemetry-BZRXCuZs.js:139
[   33118ms] [WARNING] Session Reverification: true, Idle Activity Tracking: true, ID SDK Debug Mode: false @ https://1console.twilio.com/console-core/1.2701.0/assets/entry.client-DIsbu8B0.js:0
[   33756ms] [WARNING] Amplitude Engagement Logger [Warn]: User already booted, ignoring additional boot call. Call shutdown first if you want to boot a different user. @ https://1console.twilio.com/console-core/1.2701.0/assets/entry.client-DIsbu8B0.js:0
[   35553ms] [WARNING] [GraphQL] Debug Info: {Trace Id: 961fc15c19ae372560254171d5297751, Request Sid: RQ90f9aa88ab76438e300bb313ff9d11a7, Operation Name: UPGRADE_BILLING_GROUP} @ https://1console.twilio.com/console-core/1.2701.0/assets/entry.client-DIsbu8B0.js:0
[   36763ms] [WARNING] [GraphQL] Debug Info: {Trace Id: 9dbb6e5ba4aabea0e03287da5fbab3f2, Request Sid: RQc45dc6debe604d1ca4014a1a8c299059, Operation Name: UPGRADE_BILLING_GROUP} @ https://1console.twilio.com/console-core/1.2701.0/assets/entry.client-DIsbu8B0.js:0
